ARM Linker, 5.03 [Build 76] [MDK-ARM Standard]

==============================================================================

Section Cross References

    main.o(.text) refers to sys.o(.text) for IWDG_Init
    main.o(.text) refers to stm32f10x_rcc.o(.text) for RCC_GetClocksFreq
    main.o(.text) refers to delay.o(.text) for delay_init
    main.o(.text) refers to rtc.o(.text) for RTC_Init
    main.o(.text) refers to 24cxx.o(.text) for AT24CXX_Init
    main.o(.text) refers to led.o(.text) for LED_Init
    main.o(.text) refers to usart.o(.text) for TIM2_Init
    main.o(.text) refers to tpic6c595.o(.text) for TPIC6C595_Init
    main.o(.text) refers to input.o(.text) for INPUT_Init
    main.o(.text) refers to malloc.o(.text) for mem_init
    main.o(.text) refers to common.o(.text) for ReadParametersFromEEPROM
    main.o(.text) refers to rtos_task.o(.text) for AppObjCreate
    main.o(.text) refers to tasks.o(.text) for vTaskStartScheduler
    main.o(.text) refers to main.o(.bss) for RCC_Clocks
    common.o(.text) refers to _printf_pad.o(.text) for _printf_pre_padding
    common.o(.text) refers to _printf_percent.o(.ARM.Collect$$_printf_percent$$00000000) for _printf_percent
    common.o(.text) refers to _printf_d.o(.ARM.Collect$$_printf_percent$$00000009) for _printf_d
    common.o(.text) refers to _printf_dec.o(.text) for _printf_int_dec
    common.o(.text) refers to memcmp.o(.text) for memcmp
    common.o(.text) refers to strlen.o(.text) for strlen
    common.o(.text) refers to 24cxx.o(.text) for AT24CXX_ReadOneByte
    common.o(.text) refers to malloc.o(.text) for mymalloc
    common.o(.text) refers to rt_memclr.o(.text) for __aeabi_memclr
    common.o(.text) refers to rt_memcpy_v6.o(.text) for __aeabi_memcpy
    common.o(.text) refers to noretval__2sprintf.o(.text) for __2sprintf
    common.o(.text) refers to common.o(.constdata) for crc32tab
    common.o(.text) refers to common.o(.data) for auchCRCHi
    common.o(.text) refers to common.o(.bss) for HoldReg
    common.o(.text) refers to queue.o(.text) for xQueueGenericReceive
    common.o(.text) refers to tasks.o(.data) for xSchedulerRunning
    common.o(.text) refers to rt_memclr_w.o(.text) for __aeabi_memclr4
    common.o(.text) refers to rtc.o(.bss) for calendar
    rtos_task.o(.text) refers to queue.o(.text) for xQueueCreateMutex
    rtos_task.o(.text) refers to tasks.o(.text) for xTaskGenericCreate
    rtos_task.o(.text) refers to common.o(.data) for xMutex_IIC1
    rtos_task.o(.text) refers to task_led.o(.data) for xHandleTaskLED
    rtos_task.o(.text) refers to task_led.o(.text) for vTaskLED
    rtos_task.o(.text) refers to task_sensor.o(.data) for xHandleTaskSENSOR
    rtos_task.o(.text) refers to task_sensor.o(.text) for vTaskSENSOR
    rtos_task.o(.text) refers to task_key.o(.data) for xHandleTaskKEY
    rtos_task.o(.text) refers to task_key.o(.text) for vTaskKEY
    rtos_task.o(.text) refers to task_hci.o(.data) for xHandleTaskHCI
    rtos_task.o(.text) refers to task_hci.o(.text) for vTaskHCI
    rtos_task.o(.text) refers to task_main.o(.data) for xHandleTaskMAIN
    rtos_task.o(.text) refers to task_main.o(.text) for vTaskMAIN
    task_main.o(.text) refers to queue.o(.text) for xQueueGenericReceive
    task_main.o(.text) refers to usart.o(.text) for USART2_Init
    task_main.o(.text) refers to common.o(.text) for GetSysTick1s
    task_main.o(.text) refers to relay.o(.text) for ControlAllRelayDelay
    task_main.o(.text) refers to delay.o(.text) for delay_ms
    task_main.o(.text) refers to common.o(.data) for GetTimeOK
    task_main.o(.text) refers to rtc.o(.bss) for calendar
    task_main.o(.text) refers to task_main.o(.data) for MirrorOutPutControlBitState
    task_led.o(.text) refers to sys.o(.text) for IWDG_Feed
    task_led.o(.text) refers to delay.o(.text) for delay_ms
    task_hci.o(.text) refers to at_protocol.o(.text) for AT_CommandInit
    task_hci.o(.text) refers to usart.o(.text) for UsartSendString
    task_hci.o(.text) refers to rt_memclr.o(.text) for __aeabi_memclr
    task_hci.o(.text) refers to common.o(.text) for MyStrstr
    task_hci.o(.text) refers to net_protocol.o(.text) for NetDataAnalysis
    task_hci.o(.text) refers to stm32f10x_gpio.o(.text) for GPIO_SetBits
    task_hci.o(.text) refers to delay.o(.text) for delay_ms
    task_hci.o(.text) refers to usart.o(.data) for Usart1RecvEnd
    task_hci.o(.text) refers to common.o(.bss) for HoldReg
    task_hci.o(.text) refers to usart.o(.bss) for Usart1TxBuf
    task_hci.o(.text) refers to task_hci.o(.data) for anaysisok
    task_sensor.o(.text) refers to input.o(.text) for GetAllInputState
    task_sensor.o(.text) refers to delay.o(.text) for delay_ms
    task_sensor.o(.text) refers to common.o(.data) for AllRelayPowerState
    task_key.o(.text) refers to key.o(.text) for KEY_Scan
    task_key.o(.text) refers to queue.o(.text) for xQueueGenericSend
    task_key.o(.text) refers to noretval__2printf.o(.text) for __2printf
[...]
    __rt_lib_init_heap_1                     0x08000205   Thumb Code     0  libinit2.o(.ARM.Collect$$libinit$$00000008)
    __rt_lib_init_lc_common                  0x08000205   Thumb Code     0  libinit2.o(.ARM.Collect$$libinit$$0000000D)
    __rt_lib_init_rand_1                     0x08000205   Thumb Code     0  libinit2.o(.ARM.Collect$$libinit$$0000000C)
    __rt_lib_init_user_alloc_1               0x08000205   Thumb Code     0  libinit2.o(.ARM.Collect$$libinit$$0000000A)
    __rt_lib_init_lc_collate_1               0x0800020b   Thumb Code     0  libinit2.o(.ARM.Collect$$libinit$$0000000F)
    __rt_lib_init_lc_ctype_2                 0x0800020b   Thumb Code     0  libinit2.o(.ARM.Collect$$libinit$$00000010)
    __rt_lib_init_alloca_1                   0x08000217   Thumb Code     0  libinit2.o(.ARM.Collect$$libinit$$0000002C)
    __rt_lib_init_argv_1                     0x08000217   Thumb Code     0  libinit2.o(.ARM.Collect$$libinit$$0000002A)
    __rt_lib_init_atexit_1                   0x08000217   Thumb Code     0  libinit2.o(.ARM.Collect$$libinit$$00000019)
    __rt_lib_init_clock_1                    0x08000217   Thumb Code     0  libinit2.o(.ARM.Collect$$libinit$$0000001F)
    __rt_lib_init_cpp_1                      0x08000217   Thumb Code     0  libinit2.o(.ARM.Collect$$libinit$$00000030)
    __rt_lib_init_exceptions_1               0x08000217   Thumb Code     0  libinit2.o(.ARM.Collect$$libinit$$0000002E)
    __rt_lib_init_fp_trap_1                  0x08000217   Thumb Code     0  libinit2.o(.ARM.Collect$$libinit$$0000001D)
    __rt_lib_init_getenv_1                   0x08000217   Thumb Code     0  libinit2.o(.ARM.Collect$$libinit$$00000021)
    __rt_lib_init_lc_ctype_1                 0x08000217   Thumb Code     0  libinit2.o(.ARM.Collect$$libinit$$00000011)
    __rt_lib_init_lc_monetary_1              0x08000217   Thumb Code     0  libinit2.o(.ARM.Collect$$libinit$$00000013)
    __rt_lib_init_lc_numeric_1               0x08000217   Thumb Code     0  libinit2.o(.ARM.Collect$$libinit$$00000015)
    __rt_lib_init_lc_time_1                  0x08000217   Thumb Code     0  libinit2.o(.ARM.Collect$$libinit$$00000017)
    __rt_lib_init_return                     0x08000217   Thumb Code     0  libinit2.o(.ARM.Collect$$libinit$$00000031)
    __rt_lib_init_signal_1                   0x08000217   Thumb Code     0  libinit2.o(.ARM.Collect$$libinit$$0000001B)
    __rt_lib_init_stdio_1                    0x08000217   Thumb Code     0  libinit2.o(.ARM.Collect$$libinit$$00000023)
    __rt_lib_shutdown                        0x08000219   Thumb Code     0  libshutdown.o(.ARM.Collect$$libshutdown$$00000000)
    __rt_lib_shutdown_fp_trap_1              0x0800021b   Thumb Code     0  libshutdown2.o(.ARM.Collect$$libshutdown$$00000006)
    __rt_lib_shutdown_heap_1                 0x0800021b   Thumb Code     0  libshutdown2.o(.ARM.Collect$$libshutdown$$0000000E)
    __rt_lib_shutdown_return                 0x0800021b   Thumb Code     0  libshutdown2.o(.ARM.Collect$$libshutdown$$0000000F)
    __rt_lib_shutdown_signal_1               0x0800021b   Thumb Code     0  libshutdown2.o(.ARM.Collect$$libshutdown$$00000009)
    __rt_lib_shutdown_stdio_1                0x0800021b   Thumb Code     0  libshutdown2.o(.ARM.Collect$$libshutdown$$00000003)
    __rt_lib_shutdown_user_alloc_1           0x0800021b   Thumb Code     0  libshutdown2.o(.ARM.Collect$$libshutdown$$0000000B)
    __rt_entry                               0x0800021d   Thumb Code     0  rtentry.o(.ARM.Collect$$rtentry$$00000000)
    __rt_entry_presh_1                       0x0800021d   Thumb Code     0  rtentry2.o(.ARM.Collect$$rtentry$$00000002)
    __rt_entry_sh                            0x0800021d   Thumb Code     0  rtentry4.o(.ARM.Collect$$rtentry$$00000004)
    __rt_entry_li                            0x08000223   Thumb Code     0  rtentry2.o(.ARM.Collect$$rtentry$$0000000A)
    __rt_entry_postsh_1                      0x08000223   Thumb Code     0  rtentry2.o(.ARM.Collect$$rtentry$$00000009)
    __rt_entry_main                          0x08000227   Thumb Code     0  rtentry2.o(.ARM.Collect$$rtentry$$0000000D)
    __rt_entry_postli_1                      0x08000227   Thumb Code     0  rtentry2.o(.ARM.Collect$$rtentry$$0000000C)
    __rt_exit                                0x0800022f   Thumb Code     0  rtexit.o(.ARM.Collect$$rtexit$$00000000)
    __rt_exit_ls                             0x08000231   Thumb Code     0  rtexit2.o(.ARM.Collect$$rtexit$$00000003)
    __rt_exit_prels_1                        0x08000231   Thumb Code     0  rtexit2.o(.ARM.Collect$$rtexit$$00000002)
    __rt_exit_exit                           0x08000235   Thumb Code     0  rtexit2.o(.ARM.Collect$$rtexit$$00000004)
    SVC_Handler                              0x0800023d   Thumb Code    32  port.o(.emb_text)
    __asm___6_port_c_39a90d8d__prvStartFirstTask 0x08000261   Thumb Code    28  port.o(.emb_text)
    PendSV_Handler                           0x08000281   Thumb Code    64  port.o(.emb_text)
    ulPortSetInterruptMask                   0x080002c5   Thumb Code    14  port.o(.emb_text)
    vPortClearInterruptMask                  0x080002d3   Thumb Code     6  port.o(.emb_text)
    vPortGetIPSR                             0x080002d9   Thumb Code     6  port.o(.emb_text)
    main                                     0x080002e1   Thumb Code   116  main.o(.text)
    MyStrstr                                 0x08000359   Thumb Code    64  common.o(.text)
    GetDatBit                                0x08000399   Thumb Code    24  common.o(.text)
    GetADV                                   0x080003b1   Thumb Code    36  common.o(.text)
    IntToString                              0x080003d5   Thumb Code    76  common.o(.text)
    StringToInt                              0x08000421   Thumb Code    92  common.o(.text)
    find_str                                 0x0800047d   Thumb Code   122  common.o(.text)
    search_str                               0x080004f7   Thumb Code    36  common.o(.text)
    get_str1                                 0x0800051b   Thumb Code   126  common.o(.text)
    get_str2                                 0x08000599   Thumb Code    82  common.o(.text)
    get_str3                                 0x080005eb   Thumb Code    32  common.o(.text)
    CRC32                                    0x0800060b   Thumb Code    40  common.o(.text)
    CRC16                                    0x08000633   Thumb Code    48  common.o(.text)
    CalCheckSum                              0x08000663   Thumb Code    30  common.o(.text)
    SysTick1msAdder                          0x08000681   Thumb Code    12  common.o(.text)
    GetSysTick1ms                            0x0800068d   Thumb Code     6  common.o(.text)
    SysTick10msAdder                         0x08000693   Thumb Code    12  common.o(.text)
    GetSysTick10ms                           0x0800069f   Thumb Code     6  common.o(.text)
    SysTick100msAdder                        0x080006a5   Thumb Code    12  common.o(.text)
    GetSysTick100ms                          0x080006b1   Thumb Code     6  common.o(.text)
    SetSysTick1s                             0x080006b7   Thumb Code     6  common.o(.text)
    GetSysTick1s                             0x080006bd   Thumb Code     6  common.o(.text)
    ReadDataFromEepromToHoldBuf              0x080006c3   Thumb Code    90  common.o(.text)
    WriteDataFromHoldBufToEeprom             0x0800071d   Thumb Code    78  common.o(.text)
    GetMemoryForString                       0x0800076b   Thumb Code   248  common.o(.text)
    CopyStrToPointer                         0x08000863   Thumb Code    74  common.o(.text)
    GetDeviceName                            0x080008ad   Thumb Code    30  common.o(.text)
    GetDeviceID                              0x080008cb   Thumb Code    30  common.o(.text)
    GetDeviceUUID                            0x080008e9   Thumb Code    30  common.o(.text)
    ReadDeviceAreaID                         0x08000907   Thumb Code    46  common.o(.text)
    ReadDeviceBoxID                          0x08000935   Thumb Code    46  common.o(.text)
    ReadSoftWareVersion                      0x08000963   Thumb Code    48  common.o(.text)
    ReadHardWareVersion                      0x08000993   Thumb Code   182  common.o(.text)
    ReadDeviceName                           0x08000a49   Thumb Code    66  common.o(.text)
    ReadDeviceID                             0x08000a8b   Thumb Code    62  common.o(.text)
    ReadDeviceUUID                           0x08000ac9   Thumb Code    64  common.o(.text)
    ReadUpLoadINVL                           0x08000b09   Thumb Code    60  common.o(.text)
    ReadRelayActionINCL                      0x08000b45   Thumb Code    62  common.o(.text)
    ReadRS485BuadRate                        0x08000b83   Thumb Code    92  common.o(.text)
    ReadTimeGroupNumber                      0x08000bdf   Thumb Code    52  common.o(.text)
    ReadAllRelayState                        0x08000c13   Thumb Code    60  common.o(.text)
    WriteAllRelayState                       0x08000c4f   Thumb Code    40  common.o(.text)
    WriteOTAInfo                             0x08000c77   Thumb Code   174  common.o(.text)
    ReadOTAInfo                              0x08000d25   Thumb Code    98  common.o(.text)
    RegularTimeGroupAdd                      0x08000d87   Thumb Code   356  common.o(.text)
    ReadRegularTimeGroups                    0x08000eeb   Thumb Code   494  common.o(.text)
    ReadParametersFromEEPROM                 0x080010d9   Thumb Code    52  common.o(.text)
    PackDataOfRelayInfo                      0x0800110d   Thumb Code    96  common.o(.text)
    PackNetData                              0x0800116d   Thumb Code   258  common.o(.text)
    RegularTimeGroupSub                      0x0800126f   Thumb Code   304  common.o(.text)
    RemoveAllStrategy                        0x0800139f   Thumb Code    44  common.o(.text)
    NMI_Handler                              0x080013dd   Thumb Code     2  stm32f10x_it.o(.text)
    HardFault_Handler                        0x080013df   Thumb Code    32  stm32f10x_it.o(.text)
    MemManage_Handler                        0x080013ff   Thumb Code     4  stm32f10x_it.o(.text)
    BusFault_Handler                         0x08001403   Thumb Code     4  stm32f10x_it.o(.text)
    UsageFault_Handler                       0x08001407   Thumb Code     4  stm32f10x_it.o(.text)
    DebugMon_Handler                         0x0800140b   Thumb Code     2  stm32f10x_it.o(.text)
    AppObjCreate                             0x08001415   Thumb Code    38  rtos_task.o(.text)
    AppTaskCreate                            0x0800143b   Thumb Code   136  rtos_task.o(.text)
    AutoLoopRegularTimeGroups                0x08001535   Thumb Code   594  task_main.o(.text)
    vTaskMAIN                                0x08001787   Thumb Code   224  task_main.o(.text)
    vTaskLED                                 0x080018b1   Thumb Code    74  task_led.o(.text)
    vTaskHCI                                 0x08001901   Thumb Code   264  task_hci.o(.text)
    vTaskSENSOR                              0x08001a4d   Thumb Code    26  task_sensor.o(.text)
    vTaskKEY                                 0x08001a71   Thumb Code   104  task_key.o(.text)
    Reset_Handler                            0x08001b01   Thumb Code     8  startup_stm32f10x_hd.o(.text)
    ADC1_2_IRQHandler                        0x08001b1b   Thumb Code     0  startup_stm32f10x_hd.o(.text)
    ADC3_IRQHandler                          0x08001b1b   Thumb Code     0  startup_stm32f10x_hd.o(.text)
    CAN1_RX1_IRQHandler                      0x08001b1b   Thumb Code     0  startup_stm32f10x_hd.o(.text)
    CAN1_SCE_IRQHandler                      0x08001b1b   Thumb Code     0  startup_stm32f10x_hd.o(.text)
    DMA1_Channel1_IRQHandler                 0x08001b1b   Thumb Code     0  startup_stm32f10x_hd.o(.text)
    DMA1_Channel2_IRQHandler                 0x08001b1b   Thumb Code     0  startup_stm32f10x_hd.o(.text)
    DMA1_Channel3_IRQHandler                 0x08001b1b   Thumb Code     0  startup_stm32f10x_hd.o(.text)
    DMA1_Channel4_IRQHandler                 0x08001b1b   Thumb Code     0  startup_stm32f10x_hd.o(.text)
    DMA1_Channel5_IRQHandler                 0x08001b1b   Thumb Code     0  startup_stm32f10x_hd.o(.text)
    DMA1_Channel6_IRQHandler                 0x08001b1b   Thumb Code     0  startup_stm32f10x_hd.o(.text)
    DMA1_Channel7_IRQHandler                 0x08001b1b   Thumb Code     0  startup_stm32f10x_hd.o(.text)
    DMA2_Channel1_IRQHandler                 0x08001b1b   Thumb Code     0  startup_stm32f10x_hd.o(.text)
    DMA2_Channel2_IRQHandler                 0x08001b1b   Thumb Code     0  startup_stm32f10x_hd.o(.text)
    DMA2_Channel3_IRQHandler                 0x08001b1b   Thumb Code     0  startup_stm32f10x_hd.o(.text)
    DMA2_Channel4_5_IRQHandler               0x08001b1b   Thumb Code     0  startup_stm32f10x_hd.o(.text)
    EXTI0_IRQHandler                         0x08001b1b   Thumb Code     0  startup_stm32f10x_hd.o(.text)
    EXTI15_10_IRQHandler                     0x08001b1b   Thumb Code     0  startup_stm32f10x_hd.o(.text)
    EXTI1_IRQHandler                         0x08001b1b   Thumb Code     0  startup_stm32f10x_hd.o(.text)
    EXTI2_IRQHandler                         0x08001b1b   Thumb Code     0  startup_stm32f10x_hd.o(.text)
    EXTI3_IRQHandler                         0x08001b1b   Thumb Code     0  startup_stm32f10x_hd.o(.text)
    EXTI4_IRQHandler                         0x08001b1b   Thumb Code     0  startup_stm32f10x_hd.o(.text)
    EXTI9_5_IRQHandler                       0x08001b1b   Thumb Code     0  startup_stm32f10x_hd.o(.text)
    FLASH_IRQHandler                         0x08001b1b   Thumb Code     0  startup_stm32f10x_hd.o(.text)
    FSMC_IRQHandler                          0x08001b1b   Thumb Code     0  startup_stm32f10x_hd.o(.text)
    I2C1_ER_IRQHandler                       0x08001b1b   Thumb Code     0  startup_stm32f10x_hd.o(.text)
    I2C1_EV_IRQHandler                       0x08001b1b   Thumb Code     0  startup_stm32f10x_hd.o(.text)
    I2C2_ER_IRQHandler                       0x08001b1b   Thumb Code     0  startup_stm32f10x_hd.o(.text)
    I2C2_EV_IRQHandler                       0x08001b1b   Thumb Code     0  startup_stm32f10x_hd.o(.text)
    PVD_IRQHandler                           0x08001b1b   Thumb Code     0  startup_stm32f10x_hd.o(.text)
    RCC_IRQHandler                           0x08001b1b   Thumb Code     0  startup_stm32f10x_hd.o(.text)
    RTCAlarm_IRQHandler                      0x08001b1b   Thumb Code     0  startup_stm32f10x_hd.o(.text)
    SDIO_IRQHandler                          0x08001b1b   Thumb Code     0  startup_stm32f10x_hd.o(.text)
    SPI1_IRQHandler                          0x08001b1b   Thumb Code     0  startup_stm32f10x_hd.o(.text)
    SPI2_IRQHandler                          0x08001b1b   Thumb Code     0  startup_stm32f10x_hd.o(.text)
    SPI3_IRQHandler                          0x08001b1b   Thumb Code     0  startup_stm32f10x_hd.o(.text)
    TAMPER_IRQHandler                        0x08001b1b   Thumb Code     0  startup_stm32f10x_hd.o(.text)
    TIM1_BRK_IRQHandler                      0x08001b1b   Thumb Code     0  startup_stm32f10x_hd.o(.text)
    TIM1_CC_IRQHandler                       0x08001b1b   Thumb Code     0  startup_stm32f10x_hd.o(.text)
    TIM1_TRG_COM_IRQHandler                  0x08001b1b   Thumb Code     0  startup_stm32f10x_hd.o(.text)
    TIM1_UP_IRQHandler                       0x08001b1b   Thumb Code     0  startup_stm32f10x_hd.o(.text)
    TIM3_IRQHandler                          0x08001b1b   Thumb Code     0  startup_stm32f10x_hd.o(.text)
    TIM4_IRQHandler                          0x08001b1b   Thumb Code     0  startup_stm32f10x_hd.o(.text)
    TIM5_IRQHandler                          0x08001b1b   Thumb Code     0  startup_stm32f10x_hd.o(.text)
    TIM6_IRQHandler                          0x08001b1b   Thumb Code     0  startup_stm32f10x_hd.o(.text)
    TIM7_IRQHandler                          0x08001b1b   Thumb Code     0  startup_stm32f10x_hd.o(.text)
    TIM8_BRK_IRQHandler                      0x08001b1b   Thumb Code     0  startup_stm32f10x_hd.o(.text)
    TIM8_CC_IRQHandler                       0x08001b1b   Thumb Code     0  startup_stm32f10x_hd.o(.text)
    TIM8_TRG_COM_IRQHandler                  0x08001b1b   Thumb Code     0  startup_stm32f10x_hd.o(.text)
    TIM8_UP_IRQHandler                       0x08001b1b   Thumb Code     0  startup_stm32f10x_hd.o(.text)
    UART4_IRQHandler                         0x08001b1b   Thumb Code     0  startup_stm32f10x_hd.o(.text)
    UART5_IRQHandler                         0x08001b1b   Thumb Code     0  startup_stm32f10x_hd.o(.text)
    USART3_IRQHandler                        0x08001b1b   Thumb Code     0  startup_stm32f10x_hd.o(.text)
    USBWakeUp_IRQHandler                     0x08001b1b   Thumb Code     0  startup_stm32f10x_hd.o(.text)
    USB_HP_CAN1_TX_IRQHandler                0x08001b1b   Thumb Code     0  startup_stm32f10x_hd.o(.text)
    USB_LP_CAN1_RX0_IRQHandler               0x08001b1b   Thumb Code     0  startup_stm32f10x_hd.o(.text)
    WWDG_IRQHandler                          0x08001b1b   Thumb Code     0  startup_stm32f10x_hd.o(.text)
    __user_initial_stackheap                 0x08001b1d   Thumb Code     0  startup_stm32f10x_hd.o(.text)
    SystemInit                               0x08001c1d   Thumb Code    78  system_stm32f10x.o(.text)
    SystemCoreClockUpdate                    0x08001c6b   Thumb Code   142  system_stm32f10x.o(.text)
    delay_osschedlock                        0x08001d1d   Thumb Code     8  delay.o(.text)
    delay_osschedunlock                      0x08001d25   Thumb Code     8  delay.o(.text)
    delay_ostimedly                          0x08001d2d   Thumb Code    12  delay.o(.text)
    SysTick_Handler                          0x08001d39   Thumb Code    20  delay.o(.text)
    delay_init                               0x08001d4d   Thumb Code    58  delay.o(.text)
    delay_us                                 0x08001d87   Thumb Code    84  delay.o(.text)
    delay_ms                                 0x08001ddb   Thumb Code    60  delay.o(.text)
    NVIC_Configuration                       0x08001e25   Thumb Code   160  sys.o(.text)
    IWDG_Init                                0x08001ec5   Thumb Code    36  sys.o(.text)
    IWDG_Feed                                0x08001ee9   Thumb Code     8  sys.o(.text)
    IIC1_Init                                0x08001ef1   Thumb Code    54  iic1.o(.text)
    IIC1_Start                               0x08001f27   Thumb Code    70  iic1.o(.text)
    IIC1_Stop                                0x08001f6d   Thumb Code    70  iic1.o(.text)
    IIC1_Wait_Ack                            0x08001fb3   Thumb Code    96  iic1.o(.text)
    IIC1_Ack                                 0x08002013   Thumb Code    70  iic1.o(.text)
    IIC1_NAck                                0x08002059   Thumb Code    70  iic1.o(.text)
    IIC1_Send_Byte                           0x0800209f   Thumb Code   112  iic1.o(.text)
    IIC1_Read_Byte                           0x0800210f   Thumb Code   102  iic1.o(.text)
    RTC_Get_Week                             0x08002179   Thumb Code   116  rtc.o(.text)
    Is_Leap_Year                             0x080021ed   Thumb Code    50  rtc.o(.text)
    RTC_Get                                  0x0800221f   Thumb Code   242  rtc.o(.text)
    RTC_Set                                  0x08002311   Thumb Code   188  rtc.o(.text)
    RTC_Init                                 0x080023cd   Thumb Code   216  rtc.o(.text)
    RTC_IRQHandler                           0x080024a5   Thumb Code    26  rtc.o(.text)
    SyncTimeFromNet                          0x080024bf   Thumb Code   250  rtc.o(.text)
    _sys_exit                                0x080025d5   Thumb Code     6  usart.o(.text)
    fputc                                    0x080025db   Thumb Code    22  usart.o(.text)
    USART1_Init                              0x080025f1   Thumb Code   138  usart.o(.text)
    USART2_Init                              0x0800267b   Thumb Code   178  usart.o(.text)
    UsartSendString                          0x0800272d   Thumb Code    66  usart.o(.text)
    Usart1FrameSend                          0x0800276f   Thumb Code    80  usart.o(.text)
    USART1_IRQHandler                        0x080027bf   Thumb Code   176  usart.o(.text)
    Usart2FrameSend                          0x0800286f   Thumb Code    80  usart.o(.text)
    USART2_IRQHandler                        0x080028bf   Thumb Code   178  usart.o(.text)
    Usart1ReciveFrameEnd                     0x08002971   Thumb Code    54  usart.o(.text)
    Usart2ReciveFrameEnd                     0x080029a7   Thumb Code   140  usart.o(.text)
    TIM2_Init                                0x08002a33   Thumb Code    62  usart.o(.text)
    TIM2_IRQHandler                          0x08002a71   Thumb Code    60  usart.o(.text)
    AT24CXX_Init                             0x08002ab9   Thumb Code     8  24cxx.o(.text)
    AT24CXX_ReadOneByte                      0x08002ac1   Thumb Code   128  24cxx.o(.text)
    AT24CXX_WriteOneByte                     0x08002b41   Thumb Code   158  24cxx.o(.text)
    AT24CXX_WriteLenByte                     0x08002bdf   Thumb Code    42  24cxx.o(.text)
    AT24CXX_ReadLenByte                      0x08002c09   Thumb Code    44  24cxx.o(.text)
    AT24CXX_Read                             0x08002c35   Thumb Code    34  24cxx.o(.text)
    AT24CXX_Write                            0x08002c57   Thumb Code    36  24cxx.o(.text)
    LED_Init                                 0x08002c85   Thumb Code    68  led.o(.text)
    TPIC6C595_Init                           0x08002cd5   Thumb Code    54  tpic6c595.o(.text)
    TPIC6C595OutPut                          0x08002d0b   Thumb Code    54  tpic6c595.o(.text)
    TPIC6C595WriteOneByte                    0x08002d41   Thumb Code    82  tpic6c595.o(.text)
    KEY_Init                                 0x08002d99   Thumb Code    38  key.o(.text)
    KEY_Scan                                 0x08002dbf   Thumb Code    74  key.o(.text)
    ControlAppointedRelay                    0x08002e11   Thumb Code    80  relay.o(.text)
    ControlAllRelay                          0x08002e61   Thumb Code   212  relay.o(.text)
    ControlAllRelayDelay                     0x08002f35   Thumb Code   256  relay.o(.text)
    INPUT_Init                               0x08003035   Thumb Code    68  input.o(.text)
    GetAllInputState                         0x08003079   Thumb Code   712  input.o(.text)
    GetAllOutPutState                        0x08003341   Thumb Code   272  input.o(.text)
    NVIC_PriorityGroupConfig                 0x08003451   Thumb Code    10  misc.o(.text)
    NVIC_Init                                0x0800345b   Thumb Code   102  misc.o(.text)
    NVIC_SetVectorTable                      0x080034c1   Thumb Code    14  misc.o(.text)
    NVIC_SystemLPConfig                      0x080034cf   Thumb Code    34  misc.o(.text)
    SysTick_CLKSourceConfig                  0x080034f1   Thumb Code    40  misc.o(.text)
    BKP_DeInit                               0x0800352d   Thumb Code    16  stm32f10x_bkp.o(.text)
    BKP_TamperPinLevelConfig                 0x0800353d   Thumb Code     6  stm32f10x_bkp.o(.text)
    BKP_TamperPinCmd                         0x08003543   Thumb Code     8  stm32f10x_bkp.o(.text)
    BKP_ITConfig                             0x0800354b   Thumb Code     8  stm32f10x_bkp.o(.text)
    BKP_RTCOutputConfig                      0x08003553   Thumb Code    22  stm32f10x_bkp.o(.text)
    BKP_SetRTCCalibrationValue               0x08003569   Thumb Code    22  stm32f10x_bkp.o(.text)
    BKP_WriteBackupRegister                  0x0800357f   Thumb Code    24  stm32f10x_bkp.o(.text)
    BKP_ReadBackupRegister                   0x08003597   Thumb Code    26  stm32f10x_bkp.o(.text)
    BKP_GetFlagStatus                        0x080035b1   Thumb Code    10  stm32f10x_bkp.o(.text)
    BKP_ClearFlag                            0x080035bb   Thumb Code    18  stm32f10x_bkp.o(.text)
    BKP_GetITStatus                          0x080035cd   Thumb Code    10  stm32f10x_bkp.o(.text)
    BKP_ClearITPendingBit                    0x080035d7   Thumb Code    18  stm32f10x_bkp.o(.text)
    GPIO_DeInit                              0x080035f1   Thumb Code   172  stm32f10x_gpio.o(.text)
    GPIO_AFIODeInit                          0x0800369d   Thumb Code    20  stm32f10x_gpio.o(.text)
    GPIO_Init                                0x080036b1   Thumb Code   274  stm32f10x_gpio.o(.text)
    GPIO_StructInit                          0x080037c3   Thumb Code    16  stm32f10x_gpio.o(.text)
    GPIO_ReadInputDataBit                    0x080037d3   Thumb Code    18  stm32f10x_gpio.o(.text)
    GPIO_ReadInputData                       0x080037e5   Thumb Code     8  stm32f10x_gpio.o(.text)
    GPIO_ReadOutputDataBit                   0x080037ed   Thumb Code    18  stm32f10x_gpio.o(.text)
    GPIO_ReadOutputData                      0x080037ff   Thumb Code     8  stm32f10x_gpio.o(.text)
    GPIO_SetBits                             0x08003807   Thumb Code     4  stm32f10x_gpio.o(.text)
    GPIO_ResetBits                           0x0800380b   Thumb Code     4  stm32f10x_gpio.o(.text)
    GPIO_WriteBit                            0x0800380f   Thumb Code    10  stm32f10x_gpio.o(.text)
    GPIO_Write                               0x08003819   Thumb Code     4  stm32f10x_gpio.o(.text)
    GPIO_PinLockConfig                       0x0800381d   Thumb Code    18  stm32f10x_gpio.o(.text)
    GPIO_EventOutputConfig                   0x0800382f   Thumb Code    26  stm32f10x_gpio.o(.text)
    GPIO_EventOutputCmd                      0x08003849   Thumb Code     6  stm32f10x_gpio.o(.text)
    GPIO_PinRemapConfig                      0x0800384f   Thumb Code   138  stm32f10x_gpio.o(.text)
    GPIO_EXTILineConfig                      0x080038d9   Thumb Code    66  stm32f10x_gpio.o(.text)
    GPIO_ETH_MediaInterfaceConfig            0x0800391b   Thumb Code     6  stm32f10x_gpio.o(.text)
    IWDG_WriteAccessCmd                      0x08003949   Thumb Code     6  stm32f10x_iwdg.o(.text)
    IWDG_SetPrescaler                        0x0800394f   Thumb Code     6  stm32f10x_iwdg.o(.text)
    IWDG_SetReload                           0x08003955   Thumb Code     6  stm32f10x_iwdg.o(.text)
    IWDG_ReloadCounter                       0x0800395b   Thumb Code    10  stm32f10x_iwdg.o(.text)
    IWDG_Enable                              0x08003965   Thumb Code    10  stm32f10x_iwdg.o(.text)
    IWDG_GetFlagStatus                       0x0800396f   Thumb Code    20  stm32f10x_iwdg.o(.text)
    PWR_DeInit                               0x08003989   Thumb Code    22  stm32f10x_pwr.o(.text)
    PWR_BackupAccessCmd                      0x0800399f   Thumb Code     6  stm32f10x_pwr.o(.text)
    PWR_PVDCmd                               0x080039a5   Thumb Code     6  stm32f10x_pwr.o(.text)
    PWR_PVDLevelConfig                       0x080039ab   Thumb Code    18  stm32f10x_pwr.o(.text)
    PWR_WakeUpPinCmd                         0x080039bd   Thumb Code     6  stm32f10x_pwr.o(.text)
    PWR_EnterSTOPMode                        0x080039c3   Thumb Code    54  stm32f10x_pwr.o(.text)
    PWR_EnterSTANDBYMode                     0x080039f9   Thumb Code    42  stm32f10x_pwr.o(.text)
    PWR_GetFlagStatus                        0x08003a23   Thumb Code    20  stm32f10x_pwr.o(.text)
    PWR_ClearFlag                            0x08003a37   Thumb Code    14  stm32f10x_pwr.o(.text)
    RCC_DeInit                               0x08003a55   Thumb Code    64  stm32f10x_rcc.o(.text)
    RCC_HSEConfig                            0x08003a95   Thumb Code    70  stm32f10x_rcc.o(.text)
    RCC_GetFlagStatus                        0x08003adb   Thumb Code    56  stm32f10x_rcc.o(.text)
    RCC_WaitForHSEStartUp                    0x08003b13   Thumb Code    56  stm32f10x_rcc.o(.text)
    RCC_AdjustHSICalibrationValue            0x08003b4b   Thumb Code    20  stm32f10x_rcc.o(.text)
    RCC_HSICmd                               0x08003b5f   Thumb Code     6  stm32f10x_rcc.o(.text)
    RCC_PLLConfig                            0x08003b65   Thumb Code    24  stm32f10x_rcc.o(.text)
    RCC_PLLCmd                               0x08003b7d   Thumb Code     6  stm32f10x_rcc.o(.text)
    RCC_SYSCLKConfig                         0x08003b83   Thumb Code    18  stm32f10x_rcc.o(.text)
    RCC_GetSYSCLKSource                      0x08003b95   Thumb Code    10  stm32f10x_rcc.o(.text)
    RCC_HCLKConfig                           0x08003b9f   Thumb Code    18  stm32f10x_rcc.o(.text)
    RCC_PCLK1Config                          0x08003bb1   Thumb Code    18  stm32f10x_rcc.o(.text)
    RCC_PCLK2Config                          0x08003bc3   Thumb Code    20  stm32f10x_rcc.o(.text)
    RCC_ITConfig                             0x08003bd7   Thumb Code    26  stm32f10x_rcc.o(.text)
    RCC_USBCLKConfig                         0x08003bf1   Thumb Code     6  stm32f10x_rcc.o(.text)
    RCC_ADCCLKConfig                         0x08003bf7   Thumb Code    18  stm32f10x_rcc.o(.text)
    RCC_LSEConfig                            0x08003c09   Thumb Code    44  stm32f10x_rcc.o(.text)
    RCC_LSICmd                               0x08003c35   Thumb Code     6  stm32f10x_rcc.o(.text)
    RCC_RTCCLKConfig                         0x08003c3b   Thumb Code    12  stm32f10x_rcc.o(.text)
    RCC_RTCCLKCmd                            0x08003c47   Thumb Code     8  stm32f10x_rcc.o(.text)
    RCC_GetClocksFreq                        0x08003c4f   Thumb Code   192  stm32f10x_rcc.o(.text)
    RCC_AHBPeriphClockCmd                    0x08003d0f   Thumb Code    26  stm32f10x_rcc.o(.text)
    RCC_APB2PeriphClockCmd                   0x08003d29   Thumb Code    26  stm32f10x_rcc.o(.text)
    RCC_APB1PeriphClockCmd                   0x08003d43   Thumb Code    26  stm32f10x_rcc.o(.text)
    RCC_APB2PeriphResetCmd                   0x08003d5d   Thumb Code    26  stm32f10x_rcc.o(.text)
    RCC_APB1PeriphResetCmd                   0x08003d77   Thumb Code    26  stm32f10x_rcc.o(.text)
    RCC_BackupResetCmd                       0x08003d91   Thumb Code     8  stm32f10x_rcc.o(.text)
    RCC_ClockSecuritySystemCmd               0x08003d99   Thumb Code     6  stm32f10x_rcc.o(.text)
    RCC_MCOConfig                            0x08003d9f   Thumb Code     6  stm32f10x_rcc.o(.text)
    RCC_ClearFlag                            0x08003da5   Thumb Code    14  stm32f10x_rcc.o(.text)
    RCC_GetITStatus                          0x08003db3   Thumb Code    20  stm32f10x_rcc.o(.text)
    RCC_ClearITPendingBit                    0x08003dc7   Thumb Code     6  stm32f10x_rcc.o(.text)
    RTC_ITConfig                             0x08003df9   Thumb Code    26  stm32f10x_rtc.o(.text)
    RTC_EnterConfigMode                      0x08003e13   Thumb Code    18  stm32f10x_rtc.o(.text)
    RTC_ExitConfigMode                       0x08003e25   Thumb Code    20  stm32f10x_rtc.o(.text)
    RTC_GetCounter                           0x08003e39   Thumb Code    18  stm32f10x_rtc.o(.text)
    RTC_SetCounter                           0x08003e4b   Thumb Code    26  stm32f10x_rtc.o(.text)
    RTC_SetPrescaler                         0x08003e65   Thumb Code    28  stm32f10x_rtc.o(.text)
    RTC_SetAlarm                             0x08003e81   Thumb Code    26  stm32f10x_rtc.o(.text)
    RTC_GetDivider                           0x08003e9b   Thumb Code    22  stm32f10x_rtc.o(.text)
    RTC_WaitForLastTask                      0x08003eb1   Thumb Code    16  stm32f10x_rtc.o(.text)
    RTC_WaitForSynchro                       0x08003ec1   Thumb Code    34  stm32f10x_rtc.o(.text)
    RTC_GetFlagStatus                        0x08003ee3   Thumb Code    22  stm32f10x_rtc.o(.text)
    RTC_ClearFlag                            0x08003ef9   Thumb Code    16  stm32f10x_rtc.o(.text)
    RTC_GetITStatus                          0x08003f09   Thumb Code    32  stm32f10x_rtc.o(.text)
    RTC_ClearITPendingBit                    0x08003f29   Thumb Code    16  stm32f10x_rtc.o(.text)
    TIM_DeInit                               0x08003f3d   Thumb Code   424  stm32f10x_tim.o(.text)
    TIM_TimeBaseInit                         0x080040e5   Thumb Code   122  stm32f10x_tim.o(.text)
    TIM_OC1Init                              0x0800415f   Thumb Code   132  stm32f10x_tim.o(.text)
    TIM_OC2Init                              0x080041e3   Thumb Code   154  stm32f10x_tim.o(.text)
    TIM_OC3Init                              0x0800427d   Thumb Code   150  stm32f10x_tim.o(.text)
    TIM_OC4Init                              0x08004313   Thumb Code   182  stm32f10x_tim.o(.text)
    TIM_SetIC4Prescaler                      0x080043c9   Thumb Code    26  stm32f10x_tim.o(.text)
    TIM_SetIC3Prescaler                      0x08004465   Thumb Code    18  stm32f10x_tim.o(.text)
    TIM_SetIC2Prescaler                      0x080044f1   Thumb Code    26  stm32f10x_tim.o(.text)
    TIM_SetIC1Prescaler                      0x0800458d   Thumb Code    18  stm32f10x_tim.o(.text)
    TIM_ICInit                               0x0800460b   Thumb Code   150  stm32f10x_tim.o(.text)
    TIM_PWMIConfig                           0x080046a1   Thumb Code   124  stm32f10x_tim.o(.text)
    TIM_BDTRConfig                           0x0800471d   Thumb Code    32  stm32f10x_tim.o(.text)
    TIM_TimeBaseStructInit                   0x0800473d   Thumb Code    18  stm32f10x_tim.o(.text)
    TIM_OCStructInit                         0x0800474f   Thumb Code    20  stm32f10x_tim.o(.text)
    TIM_ICStructInit                         0x08004763   Thumb Code    18  stm32f10x_tim.o(.text)
    TIM_BDTRStructInit                       0x08004775   Thumb Code    40  stm32f10x_tim.o(.text)
    TIM_Cmd                                  0x0800479d   Thumb Code    24  stm32f10x_tim.o(.text)
    TIM_CtrlPWMOutputs                       0x080047b5   Thumb Code    30  stm32f10x_tim.o(.text)
    TIM_ITConfig                             0x080047d3   Thumb Code    18  stm32f10x_tim.o(.text)
    TIM_GenerateEvent                        0x080047e5   Thumb Code     4  stm32f10x_tim.o(.text)
    TIM_DMAConfig                            0x080047e9   Thumb Code    10  stm32f10x_tim.o(.text)
    TIM_DMACmd                               0x080047f3   Thumb Code    18  stm32f10x_tim.o(.text)
    TIM_InternalClockConfig                  0x08004805   Thumb Code    12  stm32f10x_tim.o(.text)
    TIM_SelectInputTrigger                   0x08004811   Thumb Code    18  stm32f10x_tim.o(.text)
    TIM_ITRxExternalClockConfig              0x08004823   Thumb Code    24  stm32f10x_tim.o(.text)
    TIM_TIxExternalClockConfig               0x0800483b   Thumb Code    62  stm32f10x_tim.o(.text)
    TIM_ETRConfig                            0x08004879   Thumb Code    28  stm32f10x_tim.o(.text)
    TIM_ETRClockMode1Config                  0x08004895   Thumb Code    54  stm32f10x_tim.o(.text)
    TIM_ETRClockMode2Config                  0x080048cb   Thumb Code    32  stm32f10x_tim.o(.text)
    TIM_PrescalerConfig                      0x080048eb   Thumb Code     6  stm32f10x_tim.o(.text)
    TIM_CounterModeConfig                    0x080048f1   Thumb Code    18  stm32f10x_tim.o(.text)
    TIM_EncoderInterfaceConfig               0x08004903   Thumb Code    66  stm32f10x_tim.o(.text)
    TIM_ForcedOC1Config                      0x08004945   Thumb Code    18  stm32f10x_tim.o(.text)
    TIM_ForcedOC2Config                      0x08004957   Thumb Code    26  stm32f10x_tim.o(.text)
    TIM_ForcedOC3Config                      0x08004971   Thumb Code    18  stm32f10x_tim.o(.text)
    TIM_ForcedOC4Config                      0x08004983   Thumb Code    26  stm32f10x_tim.o(.text)
    TIM_ARRPreloadConfig                     0x0800499d   Thumb Code    24  stm32f10x_tim.o(.text)
    TIM_SelectCOM                            0x080049b5   Thumb Code    24  stm32f10x_tim.o(.text)
    TIM_SelectCCDMA                          0x080049cd   Thumb Code    24  stm32f10x_tim.o(.text)
    TIM_CCPreloadControl                     0x080049e5   Thumb Code    24  stm32f10x_tim.o(.text)
    TIM_OC1PreloadConfig                     0x080049fd   Thumb Code    18  stm32f10x_tim.o(.text)
    TIM_OC2PreloadConfig                     0x08004a0f   Thumb Code    26  stm32f10x_tim.o(.text)
    TIM_OC3PreloadConfig                     0x08004a29   Thumb Code    18  stm32f10x_tim.o(.text)
    TIM_OC4PreloadConfig                     0x08004a3b   Thumb Code    26  stm32f10x_tim.o(.text)
    TIM_OC1FastConfig                        0x08004a55   Thumb Code    18  stm32f10x_tim.o(.text)
    TIM_OC2FastConfig                        0x08004a67   Thumb Code    26  stm32f10x_tim.o(.text)
    TIM_OC3FastConfig                        0x08004a81   Thumb Code    18  stm32f10x_tim.o(.text)
    TIM_OC4FastConfig                        0x08004a93   Thumb Code    26  stm32f10x_tim.o(.text)
    TIM_ClearOC1Ref                          0x08004aad   Thumb Code    18  stm32f10x_tim.o(.text)
    TIM_ClearOC2Ref                          0x08004abf   Thumb Code    24  stm32f10x_tim.o(.text)
    TIM_ClearOC3Ref                          0x08004ad7   Thumb Code    18  stm32f10x_tim.o(.text)
    TIM_ClearOC4Ref                          0x08004ae9   Thumb Code    24  stm32f10x_tim.o(.text)
    TIM_OC1PolarityConfig                    0x08004b01   Thumb Code    18  stm32f10x_tim.o(.text)
    TIM_OC1NPolarityConfig                   0x08004b13   Thumb Code    18  stm32f10x_tim.o(.text)
    TIM_OC2PolarityConfig                    0x08004b25   Thumb Code    26  stm32f10x_tim.o(.text)
    TIM_OC2NPolarityConfig                   0x08004b3f   Thumb Code    26  stm32f10x_tim.o(.text)
    TIM_OC3PolarityConfig                    0x08004b59   Thumb Code    26  stm32f10x_tim.o(.text)
    TIM_OC3NPolarityConfig                   0x08004b73   Thumb Code    26  stm32f10x_tim.o(.text)
    TIM_OC4PolarityConfig                    0x08004b8d   Thumb Code    26  stm32f10x_tim.o(.text)
    TIM_CCxCmd                               0x08004ba7   Thumb Code    30  stm32f10x_tim.o(.text)
    TIM_CCxNCmd                              0x08004bc5   Thumb Code    30  stm32f10x_tim.o(.text)
    TIM_SelectOCxM                           0x08004be3   Thumb Code    82  stm32f10x_tim.o(.text)
    TIM_UpdateDisableConfig                  0x08004c35   Thumb Code    24  stm32f10x_tim.o(.text)
    TIM_UpdateRequestConfig                  0x08004c4d   Thumb Code    24  stm32f10x_tim.o(.text)
    TIM_SelectHallSensor                     0x08004c65   Thumb Code    24  stm32f10x_tim.o(.text)
    TIM_SelectOnePulseMode                   0x08004c7d   Thumb Code    18  stm32f10x_tim.o(.text)
    TIM_SelectOutputTrigger                  0x08004c8f   Thumb Code    18  stm32f10x_tim.o(.text)
    TIM_SelectSlaveMode                      0x08004ca1   Thumb Code    18  stm32f10x_tim.o(.text)
    TIM_SelectMasterSlaveMode                0x08004cb3   Thumb Code    18  stm32f10x_tim.o(.text)
    TIM_SetCounter                           0x08004cc5   Thumb Code     4  stm32f10x_tim.o(.text)
    TIM_SetAutoreload                        0x08004cc9   Thumb Code     4  stm32f10x_tim.o(.text)
    TIM_SetCompare1                          0x08004ccd   Thumb Code     4  stm32f10x_tim.o(.text)
    TIM_SetCompare2                          0x08004cd1   Thumb Code     4  stm32f10x_tim.o(.text)
    TIM_SetCompare3                          0x08004cd5   Thumb Code     4  stm32f10x_tim.o(.text)
    TIM_SetCompare4                          0x08004cd9   Thumb Code     6  stm32f10x_tim.o(.text)
    TIM_SetClockDivision                     0x08004cdf   Thumb Code    18  stm32f10x_tim.o(.text)
    TIM_GetCapture1                          0x08004cf1   Thumb Code     6  stm32f10x_tim.o(.text)
    TIM_GetCapture2                          0x08004cf7   Thumb Code     6  stm32f10x_tim.o(.text)
    TIM_GetCapture3                          0x08004cfd   Thumb Code     6  stm32f10x_tim.o(.text)
    TIM_GetCapture4                          0x08004d03   Thumb Code     8  stm32f10x_tim.o(.text)
    TIM_GetCounter                           0x08004d0b   Thumb Code     6  stm32f10x_tim.o(.text)
    TIM_GetPrescaler                         0x08004d11   Thumb Code     6  stm32f10x_tim.o(.text)
    TIM_GetFlagStatus                        0x08004d17   Thumb Code    18  stm32f10x_tim.o(.text)
    TIM_ClearFlag                            0x08004d29   Thumb Code     6  stm32f10x_tim.o(.text)
    TIM_GetITStatus                          0x08004d2f   Thumb Code    34  stm32f10x_tim.o(.text)
    TIM_ClearITPendingBit                    0x08004d51   Thumb Code     6  stm32f10x_tim.o(.text)
    USART_DeInit                             0x08004d59   Thumb Code   134  stm32f10x_usart.o(.text)
    USART_Init                               0x08004ddf   Thumb Code   210  stm32f10x_usart.o(.text)
    USART_StructInit                         0x08004eb1   Thumb Code    24  stm32f10x_usart.o(.text)
    USART_ClockInit                          0x08004ec9   Thumb Code    34  stm32f10x_usart.o(.text)
    USART_ClockStructInit                    0x08004eeb   Thumb Code    12  stm32f10x_usart.o(.text)
    USART_Cmd                                0x08004ef7   Thumb Code    24  stm32f10x_usart.o(.text)
    USART_ITConfig                           0x08004f0f   Thumb Code    74  stm32f10x_usart.o(.text)
    USART_DMACmd                             0x08004f59   Thumb Code    18  stm32f10x_usart.o(.text)
    USART_SetAddress                         0x08004f6b   Thumb Code    18  stm32f10x_usart.o(.text)
    USART_WakeUpConfig                       0x08004f7d   Thumb Code    18  stm32f10x_usart.o(.text)
    USART_ReceiverWakeUpCmd                  0x08004f8f   Thumb Code    24  stm32f10x_usart.o(.text)
    USART_LINBreakDetectLengthConfig         0x08004fa7   Thumb Code    18  stm32f10x_usart.o(.text)
    USART_LINCmd                             0x08004fb9   Thumb Code    24  stm32f10x_usart.o(.text)
    USART_SendData                           0x08004fd1   Thumb Code     8  stm32f10x_usart.o(.text)
    USART_ReceiveData                        0x08004fd9   Thumb Code    10  stm32f10x_usart.o(.text)
    USART_SendBreak                          0x08004fe3   Thumb Code    10  stm32f10x_usart.o(.text)
    USART_SetGuardTime                       0x08004fed   Thumb Code    16  stm32f10x_usart.o(.text)
    USART_SetPrescaler                       0x08004ffd   Thumb Code    16  stm32f10x_usart.o(.text)
    USART_SmartCardCmd                       0x0800500d   Thumb Code    24  stm32f10x_usart.o(.text)
    USART_SmartCardNACKCmd                   0x08005025   Thumb Code    24  stm32f10x_usart.o(.text)
    USART_HalfDuplexCmd                      0x0800503d   Thumb Code    24  stm32f10x_usart.o(.text)
    USART_OverSampling8Cmd                   0x08005055   Thumb Code    22  stm32f10x_usart.o(.text)
    USART_OneBitMethodCmd                    0x0800506b   Thumb Code    24  stm32f10x_usart.o(.text)
    USART_IrDAConfig                         0x08005083   Thumb Code    18  stm32f10x_usart.o(.text)
    USART_IrDACmd                            0x08005095   Thumb Code    24  stm32f10x_usart.o(.text)
    USART_GetFlagStatus                      0x080050ad   Thumb Code    26  stm32f10x_usart.o(.text)
    USART_ClearFlag                          0x080050c7   Thumb Code    18  stm32f10x_usart.o(.text)
    USART_GetITStatus                        0x080050d9   Thumb Code    84  stm32f10x_usart.o(.text)
    USART_ClearITPendingBit                  0x0800512d   Thumb Code    52  stm32f10x_usart.o(.text)
    AT_CommandInit                           0x08005161   Thumb Code   792  at_protocol.o(.text)
    PackAT_CommandRespone                    0x08005479   Thumb Code    84  at_protocol.o(.text)
    AT_CommandRS485BuarRate                  0x080054cd   Thumb Code   376  at_protocol.o(.text)
    AT_CommandActionINCL                     0x08005645   Thumb Code   216  at_protocol.o(.text)
    AT_CommandDeviceBoxID                    0x0800571d   Thumb Code   188  at_protocol.o(.text)
    AT_CommandDeviceAreaID                   0x080057d9   Thumb Code   188  at_protocol.o(.text)
    AT_CommandRELAY                          0x08005895   Thumb Code   202  at_protocol.o(.text)
    AT_CommandUUID                           0x0800595f   Thumb Code   322  at_protocol.o(.text)
    AT_CommandDEVID                          0x08005aa1   Thumb Code   278  at_protocol.o(.text)
    AT_CommandDEVNAME                        0x08005bb7   Thumb Code   196  at_protocol.o(.text)
    AT_CommandGMR                            0x08005c7b   Thumb Code    52  at_protocol.o(.text)
    AT_CommandRST                            0x08005caf   Thumb Code    14  at_protocol.o(.text)
    AT_CommandDataAnalysis                   0x08005cbd   Thumb Code   658  at_protocol.o(.text)
    UnPackAckPacket                          0x08005f51   Thumb Code    18  net_protocol.o(.text)
    PackAckPacket                            0x08005f63   Thumb Code    36  net_protocol.o(.text)
    SetRS485BuarRate                         0x08005f87   Thumb Code   142  net_protocol.o(.text)
    SetRelayActionINCL                       0x08006015   Thumb Code   118  net_protocol.o(.text)
    SetDeviceWorkMode                        0x0800608b   Thumb Code    90  net_protocol.o(.text)
    SetRegularTimeGroups                     0x080060e5   Thumb Code   558  net_protocol.o(.text)
    GetTimeDateFromServer                    0x08006313   Thumb Code   198  net_protocol.o(.text)
    ReadDeviceInfo                           0x080063d9   Thumb Code    66  net_protocol.o(.text)
    SetDeviceUpLoadINCL                      0x0800641b   Thumb Code   116  net_protocol.o(.text)
    ControlDeviceReset                       0x0800648f   Thumb Code    70  net_protocol.o(.text)
    ControlRelayState                        0x080064d5   Thumb Code   204  net_protocol.o(.text)
    UpdateRelayModeInfo                      0x080065a1   Thumb Code    64  net_protocol.o(.text)
    NetDataAnalysis                          0x080065e1   Thumb Code   676  net_protocol.o(.text)
    SetUpdateFirmWareInfo                    0x08006885   Thumb Code   212  net_protocol.o(.text)
    SetDeviceUUID                            0x08006959   Thumb Code   108  net_protocol.o(.text)
    mymemcpy                                 0x080069e1   Thumb Code    26  malloc.o(.text)
    mymemset                                 0x080069fb   Thumb Code    20  malloc.o(.text)
    mem_init                                 0x08006a0f   Thumb Code    38  malloc.o(.text)
    mem_perused                              0x08006a35   Thumb Code    36  malloc.o(.text)
    mem_malloc                               0x08006a59   Thumb Code   116  malloc.o(.text)
    mem_free                                 0x08006acd   Thumb Code    66  malloc.o(.text)
    myfree                                   0x08006b0f   Thumb Code    24  malloc.o(.text)
    mymalloc                                 0x08006b27   Thumb Code    26  malloc.o(.text)
    myrealloc                                0x08006b41   Thumb Code    48  malloc.o(.text)
    vListInitialise                          0x08006b75   Thumb Code    26  list.o(.text)
    vListInitialiseItem                      0x08006b8f   Thumb Code     6  list.o(.text)
    vListInsertEnd                           0x08006b95   Thumb Code    24  list.o(.text)
    vListInsert                              0x08006bad   Thumb Code    52  list.o(.text)
    uxListRemove                             0x08006be1   Thumb Code    40  list.o(.text)
    pxPortInitialiseStack                    0x08006c45   Thumb Code    26  port.o(.text)
    vPortSetupTimerInterrupt                 0x08006c5f   Thumb Code    26  port.o(.text)
    xPortStartScheduler                      0x08006c79   Thumb Code   140  port.o(.text)
    vPortEndScheduler                        0x08006d05   Thumb Code    42  port.o(.text)
    vPortYield                               0x08006d2f   Thumb Code    20  port.o(.text)
    vPortEnterCritical                       0x08006d43   Thumb Code    88  port.o(.text)
    vPortExitCritical                        0x08006d9b   Thumb Code    56  port.o(.text)
    xPortSysTickHandler                      0x08006dd3   Thumb Code    50  port.o(.text)
    vPortValidateInterruptPriority           0x08006e05   Thumb Code   110  port.o(.text)
    xQueueGenericReset                       0x08006e91   Thumb Code   144  queue.o(.text)
    xQueueGenericCreate                      0x08006f21   Thumb Code   134  queue.o(.text)
    xQueueGenericSend                        0x080070c3   Thumb Code   408  queue.o(.text)
    xQueueCreateMutex                        0x0800725b   Thumb Code    76  queue.o(.text)
    xQueueGetMutexHolder                     0x080072a7   Thumb Code    26  queue.o(.text)
    xQueueGiveMutexRecursive                 0x080072c1   Thumb Code    78  queue.o(.text)
    xQueueGenericReceive                     0x08007353   Thumb Code   418  queue.o(.text)
    xQueueTakeMutexRecursive                 0x080074f5   Thumb Code    84  queue.o(.text)
    xQueueCreateCountingSemaphore            0x08007549   Thumb Code   116  queue.o(.text)
    xQueueGenericSendFromISR                 0x080075bd   Thumb Code   240  queue.o(.text)
    xQueueGiveFromISR                        0x080076ad   Thumb Code   214  queue.o(.text)
    xQueueReceiveFromISR                     0x08007783   Thumb Code   194  queue.o(.text)
    xQueuePeekFromISR                        0x08007845   Thumb Code   176  queue.o(.text)
    uxQueueMessagesWaiting                   0x080078f5   Thumb Code    42  queue.o(.text)
    uxQueueSpacesAvailable                   0x0800791f   Thumb Code    48  queue.o(.text)
    uxQueueMessagesWaitingFromISR            0x0800794f   Thumb Code    30  queue.o(.text)
    vQueueUnregisterQueue                    0x0800796d   Thumb Code    38  queue.o(.text)
    vQueueDelete                             0x08007993   Thumb Code    44  queue.o(.text)
    uxQueueGetQueueNumber                    0x080079bf   Thumb Code     6  queue.o(.text)
    vQueueSetQueueNumber                     0x080079c5   Thumb Code     4  queue.o(.text)
    ucQueueGetQueueType                      0x080079c9   Thumb Code     8  queue.o(.text)
    xQueueIsQueueEmptyFromISR                0x080079d1   Thumb Code    38  queue.o(.text)
    xQueueIsQueueFullFromISR                 0x080079f7   Thumb Code    42  queue.o(.text)
    vQueueAddToRegistry                      0x08007a21   Thumb Code    38  queue.o(.text)
    xTaskGenericCreate                       0x08007b37   Thumb Code   340  tasks.o(.text)
    vTaskDelete                              0x08007cb5   Thumb Code   186  tasks.o(.text)
    xTaskIncrementTick                       0x08007d6f   Thumb Code   366  tasks.o(.text)
    xTaskResumeAll                           0x08007edd   Thumb Code   224  tasks.o(.text)
    vTaskSuspendAll                          0x08007ffb   Thumb Code    12  tasks.o(.text)
    vTaskDelayUntil                          0x08008007   Thumb Code   230  tasks.o(.text)
    vTaskDelay                               0x080080ed   Thumb Code   120  tasks.o(.text)
    eTaskGetState                            0x08008165   Thumb Code   110  tasks.o(.text)
    uxTaskPriorityGet                        0x080081d3   Thumb Code    30  tasks.o(.text)
    uxTaskPriorityGetFromISR                 0x080081f1   Thumb Code    62  tasks.o(.text)
    vTaskPrioritySet                         0x0800822f   Thumb Code   320  tasks.o(.text)
    vTaskSwitchContext                       0x0800836f   Thumb Code   118  tasks.o(.text)
    vTaskSuspend                             0x080083e5   Thumb Code   198  tasks.o(.text)
    vTaskResume                              0x080084fb   Thumb Code   130  tasks.o(.text)
    xTaskResumeFromISR                       0x0800857d   Thumb Code   160  tasks.o(.text)
    vTaskStartScheduler                      0x080086a5   Thumb Code   162  tasks.o(.text)
    vTaskEndScheduler                        0x08008747   Thumb Code    32  tasks.o(.text)
    xTaskGetTickCount                        0x08008767   Thumb Code     6  tasks.o(.text)
    xTaskGetTickCountFromISR                 0x0800876d   Thumb Code    16  tasks.o(.text)
    uxTaskGetNumberOfTasks                   0x0800877d   Thumb Code     6  tasks.o(.text)
    uxTaskGetSystemState                     0x08008849   Thumb Code   132  tasks.o(.text)
    vTaskPlaceOnEventList                    0x080088cd   Thumb Code   108  tasks.o(.text)
    vTaskPlaceOnUnorderedEventList           0x08008939   Thumb Code   160  tasks.o(.text)
    xTaskRemoveFromEventList                 0x080089d9   Thumb Code   128  tasks.o(.text)
    xTaskRemoveFromUnorderedEventList        0x08008a59   Thumb Code   212  tasks.o(.text)
    vTaskSetTimeOutState                     0x08008b2d   Thumb Code    38  tasks.o(.text)
    xTaskCheckForTimeOut                     0x08008b53   Thumb Code   132  tasks.o(.text)
    vTaskMissedYield                         0x08008bd7   Thumb Code     8  tasks.o(.text)
    uxTaskGetTaskNumber                      0x08008bdf   Thumb Code    14  tasks.o(.text)
    vTaskSetTaskNumber                       0x08008bed   Thumb Code     8  tasks.o(.text)
    xTaskGetCurrentTaskHandle                0x08008bf5   Thumb Code     6  tasks.o(.text)
    xTaskGetSchedulerState                   0x08008bfb   Thumb Code    24  tasks.o(.text)
    vTaskPriorityInherit                     0x08008c13   Thumb Code   164  tasks.o(.text)
    xTaskPriorityDisinherit                  0x08008cb7   Thumb Code   188  tasks.o(.text)
    uxTaskResetEventItemValue                0x08008d73   Thumb Code    24  tasks.o(.text)
    pvTaskIncrementMutexHeldCount            0x08008d8b   Thumb Code    26  tasks.o(.text)
    ulTaskNotifyTake                         0x08008da5   Thumb Code   174  tasks.o(.text)
    xTaskNotifyWait                          0x08008e53   Thumb Code   250  tasks.o(.text)
    xTaskGenericNotify                       0x08008f4d   Thumb Code   242  tasks.o(.text)
    xTaskGenericNotifyFromISR                0x0800903f   Thumb Code   290  tasks.o(.text)
    vTaskNotifyGiveFromISR                   0x08009161   Thumb Code   208  tasks.o(.text)
    xTaskNotifyStateClear                    0x08009231   Thumb Code    50  tasks.o(.text)
    __use_no_semihosting                     0x0800927d   Thumb Code     2  use_no_semi_2.o(.text)
    __2printf                                0x08009281   Thumb Code    20  noretval__2printf.o(.text)
    __2sprintf                               0x08009299   Thumb Code    34  noretval__2sprintf.o(.text)
    _printf_pre_padding                      0x080092c1   Thumb Code    46  _printf_pad.o(.text)
    _printf_post_padding                     0x080092ef   Thumb Code    36  _printf_pad.o(.text)
    _printf_str                              0x08009313   Thumb Code    82  _printf_str.o(.text)
    _printf_int_dec                          0x08009365   Thumb Code   102  _printf_dec.o(.text)
    _printf_int_hex                          0x080093dd   Thumb Code    88  _printf_hex_int.o(.text)
    _printf_longlong_hex                     0x080093dd   Thumb Code     0  _printf_hex_int.o(.text)
    __printf                                 0x08009439   Thumb Code   310  __printf_flags_wp.o(.text)
    atoi                                     0x08009575   Thumb Code    26  atoi.o(.text)
    strstr                                   0x0800958f   Thumb Code    36  strstr.o(.text)
    memcmp                                   0x080095b3   Thumb Code    88  memcmp.o(.text)
    strlen                                   0x0800960b   Thumb Code    62  strlen.o(.text)
    strcat                                   0x08009649   Thumb Code    24  strcat.o(.text)
    __aeabi_memcpy                           0x08009661   Thumb Code     0  rt_memcpy_v6.o(.text)
    __rt_memcpy                              0x08009661   Thumb Code   138  rt_memcpy_v6.o(.text)
    _memcpy_lastbytes                        0x080096c7   Thumb Code     0  rt_memcpy_v6.o(.text)
    __aeabi_memset                           0x080096eb   Thumb Code    16  aeabi_memset.o(.text)
    __aeabi_memclr                           0x080096fb   Thumb Code     0  rt_memclr.o(.text)
    __rt_memclr                              0x080096fb   Thumb Code    68  rt_memclr.o(.text)
    _memset                                  0x080096ff   Thumb Code     0  rt_memclr.o(.text)
    __aeabi_memclr4                          0x0800973f   Thumb Code     0  rt_memclr_w.o(.text)
    __aeabi_memclr8                          0x0800973f   Thumb Code     0  rt_memclr_w.o(.text)
    __rt_memclr_w                            0x0800973f   Thumb Code    78  rt_memclr_w.o(.text)
    _memset_w                                0x08009743   Thumb Code     0  rt_memclr_w.o(.text)
    __use_two_region_memory                  0x0800978d   Thumb Code     2  heapauxi.o(.text)
    __rt_heap_escrow$2region                 0x0800978f   Thumb Code     2  heapauxi.o(.text)
    __rt_heap_expand$2region                 0x08009791   Thumb Code     2  heapauxi.o(.text)
    __I$use$semihosting                      0x08009793   Thumb Code     0  use_no_semi.o(.text)
    __use_no_semihosting_swi                 0x08009793   Thumb Code     2  use_no_semi.o(.text)
    __aeabi_errno_addr                       0x08009795   Thumb Code     8  rt_errno_addr_intlibspace.o(.text)
    __errno$intlibspace                      0x08009795   Thumb Code     0  rt_errno_addr_intlibspace.o(.text)
    __rt_errno_addr$intlibspace              0x08009795   Thumb Code     0  rt_errno_addr_intlibspace.o(.text)
    _printf_int_common                       0x0800979d   Thumb Code   184  _printf_intcommon.o(.text)
    _printf_char_common                      0x0800985f   Thumb Code    32  _printf_char_common.o(.text)
    _sputc                                   0x08009885   Thumb Code    10  _sputc.o(.text)
    _printf_cs_common                        0x0800988f   Thumb Code    20  _printf_char.o(.text)
    _printf_char                             0x080098a3   Thumb Code    16  _printf_char.o(.text)
    _printf_string                           0x080098b3   Thumb Code     8  _printf_char.o(.text)
    _printf_char_file                        0x080098bd   Thumb Code    32  _printf_char_file.o(.text)
    strtol                                   0x080098e1   Thumb Code   112  strtol.o(.text)
    __aeabi_memcpy4                          0x08009951   Thumb Code     0  rt_memcpy_w.o(.text)
    __aeabi_memcpy8                          0x08009951   Thumb Code     0  rt_memcpy_w.o(.text)
    __rt_memcpy_w                            0x08009951   Thumb Code   100  rt_memcpy_w.o(.text)
    _memcpy_lastbytes_aligned                0x08009999   Thumb Code     0  rt_memcpy_w.o(.text)
    __user_libspace                          0x080099b5   Thumb Code     8  libspace.o(.text)
    __user_perproc_libspace                  0x080099b5   Thumb Code     0  libspace.o(.text)
    __user_perthread_libspace                0x080099b5   Thumb Code     0  libspace.o(.text)
    __rt_ctype_table                         0x080099bd   Thumb Code    16  rt_ctype_table.o(.text)
    _strtoul                                 0x080099cd   Thumb Code   158  _strtoul.o(.text)
    ferror                                   0x08009a6b   Thumb Code     8  ferror.o(.text)
    __user_setup_stackheap                   0x08009a73   Thumb Code    74  sys_stackheap_outer.o(.text)
    __rt_locale                              0x08009abd   Thumb Code     8  rt_locale_intlibspace.o(.text)
    _chval                                   0x08009ac5   Thumb Code    28  _chval.o(.text)
    exit                                     0x08009ae1   Thumb Code    12  exit.o(.text)
    strcmp                                   0x08009aed   Thumb Code   128  strcmpv7m.o(.text)
    _is_digit                                0x08009b6d   Thumb Code    14  __printf_wp.o(i._is_digit)
    _get_lc_ctype                            0x08009b7d   Thumb Code    44  lc_ctype_c.o(locale$$code)
    table_week                               0x0800a3a8   Data          12  rtc.o(.constdata)
    mon_table                                0x0800a3b4   Data          12  rtc.o(.constdata)
    Region$$Table$$Base                      0x0800a3fc   Number         0  anon$$obj.o(Region$$Table)
    Region$$Table$$Limit                     0x0800a41c   Number         0  anon$$obj.o(Region$$Table)
    __ctype                                  0x0800a429   Data           0  lc_ctype_c.o(locale$$data)
    TimeGroupNumber                          0x20000200   Data           1  common.o(.data)
    RegularTimeWeekDay                       0x20000204   Data           4  common.o(.data)
    RegularTimeWeekEnd                       0x20000208   Data           4  common.o(.data)
    RegularTimeHoliday                       0x2000020c   Data           4  common.o(.data)
    xMutex_IIC1                              0x20000210   Data           4  common.o(.data)
    xMutex_STRATEGY                          0x20000214   Data           4  common.o(.data)
    xQueue_key                               0x20000218   Data           4  common.o(.data)
    NeedUpDateFirmWare                       0x2000021c   Data           1  common.o(.data)
    HaveNewFirmWare                          0x2000021d   Data           1  common.o(.data)
    NewFirmWareAdd                           0x2000021e   Data           1  common.o(.data)
    NewFirmWareBagNum                        0x20000220   Data           2  common.o(.data)
    NewFirmWareVer                           0x20000222   Data           2  common.o(.data)
    LastBagByteNum                           0x20000224   Data           1  common.o(.data)
    SysTick1ms                               0x20000228   Data           4  common.o(.data)
    SysTick10ms                              0x2000022c   Data           4  common.o(.data)
    SysTick100ms                             0x20000230   Data           4  common.o(.data)
    SysTick1s                                0x20000234   Data           4  common.o(.data)
    SoftWareVersion                          0x20000238   Data           4  common.o(.data)
    HardWareVersion                          0x2000023c   Data           4  common.o(.data)
    DeviceName                               0x20000240   Data           4  common.o(.data)
    DeviceID                                 0x20000244   Data           4  common.o(.data)
    DeviceUUID                               0x20000248   Data           4  common.o(.data)
    DeviceAreaID                             0x2000024c   Data           1  common.o(.data)
    DeviceBoxID                              0x2000024d   Data           1  common.o(.data)
    UpLoadINCL                               0x2000024e   Data           2  common.o(.data)
    GetTimeOK                                0x20000250   Data           1  common.o(.data)
    DeviceWorkMode                           0x20000251   Data           1  common.o(.data)
    RelayActionINCL                          0x20000252   Data           2  common.o(.data)
    RS485BuadRate                            0x20000254   Data           4  common.o(.data)
    NeedToReset                              0x20000258   Data           1  common.o(.data)
    OutPutControlBit                         0x2000025a   Data           2  common.o(.data)
    OutPutControlState                       0x2000025c   Data           2  common.o(.data)
    RelaysState                              0x2000025e   Data           2  common.o(.data)
    AllRelayPowerState                       0x20000260   Data           2  common.o(.data)
    AllRelayState                            0x20000262   Data           2  common.o(.data)
    HaveNewActionCommand                     0x20000264   Data           1  common.o(.data)
    HolodayRange                             0x20000265   Data           6  common.o(.data)
    xHandleTaskMAIN                          0x2000046c   Data           4  task_main.o(.data)
    MirrorOutPutControlBitState              0x20000470   Data           2  task_main.o(.data)
    MirrorAllRelayState                      0x20000472   Data           2  task_main.o(.data)
    xHandleTaskLED                           0x20000474   Data           4  task_led.o(.data)
    xHandleTaskHCI                           0x20000678   Data           4  task_hci.o(.data)
    anaysisok                                0x2000067c   Data           1  task_hci.o(.data)
    xHandleTaskSENSOR                        0x20000880   Data           4  task_sensor.o(.data)
    xHandleTaskKEY                           0x20000a84   Data           4  task_key.o(.data)
    SystemCoreClock                          0x20000a8c   Data           4  system_stm32f10x.o(.data)
    AHBPrescTable                            0x20000a90   Data          16  system_stm32f10x.o(.data)
    Usart1RxCnt                              0x200010a8   Data           2  usart.o(.data)
    OldUsart1RxCnt                           0x200010aa   Data           2  usart.o(.data)
    Usart1FrameLen                           0x200010ac   Data           2  usart.o(.data)
    Usart1RecvEnd                            0x200010ae   Data           1  usart.o(.data)
    Usart1Busy                               0x200010af   Data           1  usart.o(.data)
    Usart1SendLen                            0x200010b0   Data           2  usart.o(.data)
    Usart1SendNum                            0x200010b2   Data           2  usart.o(.data)
    Usart2RxCnt                              0x200010b4   Data           2  usart.o(.data)
    OldUsart2RxCnt                           0x200010b6   Data           2  usart.o(.data)
    Usart2FrameLen                           0x200010b8   Data           2  usart.o(.data)
    Usart2RecvEnd                            0x200010ba   Data           1  usart.o(.data)
    Usart2Busy                               0x200010bb   Data           1  usart.o(.data)
    Usart2SendLen                            0x200010bc   Data           2  usart.o(.data)
    Usart2SendNum                            0x200010be   Data           2  usart.o(.data)
    __stdout                                 0x200010c4   Data           4  usart.o(.data)
    AT_ECHO                                  0x200012dd   Data           1  at_protocol.o(.data)
    mallco_dev                               0x200012e0   Data          20  malloc.o(.data)
    pxCurrentTCB                             0x20001300   Data           4  tasks.o(.data)
    xSchedulerRunning                        0x20001314   Data           4  tasks.o(.data)
    eepbuf                                   0x20001338   Data         256  main.o(.bss)
    RCC_Clocks                               0x20001438   Data          20  main.o(.bss)
    HoldReg                                  0x2000144c   Data         512  common.o(.bss)
    RegularTimeGroups                        0x2000164c   Data         256  common.o(.bss)
    calendar                                 0x2000174c   Data          10  rtc.o(.bss)
    Usart1RxBuf                              0x20001756   Data         256  usart.o(.bss)
    Usart1TxBuf                              0x20001856   Data         256  usart.o(.bss)
    Usart2RxBuf                              0x20001956   Data         512  usart.o(.bss)
    Usart2TxBuf                              0x20001b56   Data         512  usart.o(.bss)
    AT_CommandBuf                            0x20001d58   Data         208  at_protocol.o(.bss)
    membase                                  0x20001e28   Data       32768  malloc.o(.bss)
    memmapbase                               0x20009e28   Data        2048  malloc.o(.bss)
    xQueueRegistry                           0x2000a628   Data          64  queue.o(.bss)
    __libspace_start                         0x2000a780   Data          96  libspace.o(.bss)
    __temporary_stack_top$libspace           0x2000a7e0   Data           0  libspace.o(.bss)



==============================================================================

Memory Map of the image

  Image Entry point : 0x08000131

  Load Region LR_IROM1 (Base: 0x08000000, Size: 0x0000b864, Max: 0x00080000, ABSOLUTE, COMPRESSED[0x0000a6dc])

    Execution Region ER_IROM1 (Base: 0x08000000, Size: 0x0000a52c, Max: 0x00080000, ABSOLUTE)

    Base Addr    Size         Type   Attr      Idx    E Section Name        Object

    0x08000000   0x00000130   Data   RO          427    RESET               startup_stm32f10x_hd.o
    0x08000130   0x00000008   Code   RO         1170  * !!!main             c_w.l(__main.o)
    0x08000138   0x00000034   Code   RO         1366    !!!scatter          c_w.l(__scatter.o)
    0x0800016c   0x00000064   Code   RO         1364    !!dclz77c           c_w.l(__dclz77c.o)
    0x080001d0   0x0000001c   Code   RO         1368    !!handler_zi        c_w.l(__scatter_zi.o)
    0x080001ec   0x00000000   Code   RO         1149    .ARM.Collect$$_printf_percent$$00000000  c_w.l(_printf_percent.o)
    0x080001ec   0x00000006   Code   RO         1148    .ARM.Collect$$_printf_percent$$00000009  c_w.l(_printf_d.o)
    0x080001f2   0x00000006   Code   RO         1147    .ARM.Collect$$_printf_percent$$0000000C  c_w.l(_printf_x.o)
    0x080001f8   0x00000006   Code   RO         1146    .ARM.Collect$$_printf_percent$$00000014  c_w.l(_printf_s.o)
    0x080001fe   0x00000004   Code   RO         1190    .ARM.Collect$$_printf_percent$$00000017  c_w.l(_printf_percent_end.o)
    0x08000202   0x00000002   Code   RO         1242    .ARM.Collect$$libinit$$00000000  c_w.l(libinit.o)
    0x08000204   0x00000000   Code   RO         1248    .ARM.Collect$$libinit$$00000002  c_w.l(libinit2.o)
    0x08000204   0x00000000   Code   RO         1251    .ARM.Collect$$libinit$$00000008  c_w.l(libinit2.o)
    0x08000204   0x00000000   Code   RO         1253    .ARM.Collect$$libinit$$0000000A  c_w.l(libinit2.o)
    0x08000204   0x00000000   Code   RO         1255    .ARM.Collect$$libinit$$0000000C  c_w.l(libinit2.o)
    0x08000204   0x00000006   Code   RO         1256    .ARM.Collect$$libinit$$0000000D  c_w.l(libinit2.o)
    0x0800020a   0x00000000   Code   RO         1258    .ARM.Collect$$libinit$$0000000F  c_w.l(libinit2.o)
    0x0800020a   0x0000000c   Code   RO         1259    .ARM.Collect$$libinit$$00000010  c_w.l(libinit2.o)
    0x08000216   0x00000000   Code   RO         1260    .ARM.Collect$$libinit$$00000011  c_w.l(libinit2.o)
    0x08000216   0x00000000   Code   RO         1262    .ARM.Collect$$libinit$$00000013  c_w.l(libinit2.o)
    0x08000216   0x00000000   Code   RO         1264    .ARM.Collect$$libinit$$00000015  c_w.l(libinit2.o)
    0x08000216   0x00000000   Code   RO         1266    .ARM.Collect$$libinit$$00000017  c_w.l(libinit2.o)
    0x08000216   0x00000000   Code   RO         1268    .ARM.Collect$$libinit$$00000019  c_w.l(libinit2.o)
    0x08000216   0x00000000   Code   RO         1270    .ARM.Collect$$libinit$$0000001B  c_w.l(libinit2.o)
    0x08000216   0x00000000   Code   RO         1272    .ARM.Collect$$libinit$$0000001D  c_w.l(libinit2.o)
    0x08000216   0x00000000   Code   RO         1274    .ARM.Collect$$libinit$$0000001F  c_w.l(libinit2.o)
    0x08000216   0x00000000   Code   RO         1276    .ARM.Collect$$libinit$$00000021  c_w.l(libinit2.o)
    0x08000216   0x00000000   Code   RO         1278    .ARM.Collect$$libinit$$00000023  c_w.l(libinit2.o)
    0x08000216   0x00000000   Code   RO         1282    .ARM.Collect$$libinit$$0000002A  c_w.l(libinit2.o)
    0x08000216   0x00000000   Code   RO         1284    .ARM.Collect$$libinit$$0000002C  c_w.l(libinit2.o)
    0x08000216   0x00000000   Code   RO         1286    .ARM.Collect$$libinit$$0000002E  c_w.l(libinit2.o)
    0x08000216   0x00000000   Code   RO         1288    .ARM.Collect$$libinit$$00000030  c_w.l(libinit2.o)
    0x08000216   0x00000002   Code   RO         1289    .ARM.Collect$$libinit$$00000031  c_w.l(libinit2.o)
    0x08000218   0x00000002   Code   RO         1307    .ARM.Collect$$libshutdown$$00000000  c_w.l(libshutdown.o)
    0x0800021a   0x00000000   Code   RO         1318    .ARM.Collect$$libshutdown$$00000003  c_w.l(libshutdown2.o)
    0x0800021a   0x00000000   Code   RO         1321    .ARM.Collect$$libshutdown$$00000006  c_w.l(libshutdown2.o)
    0x0800021a   0x00000000   Code   RO         1324    .ARM.Collect$$libshutdown$$00000009  c_w.l(libshutdown2.o)
    0x0800021a   0x00000000   Code   RO         1326    .ARM.Collect$$libshutdown$$0000000B  c_w.l(libshutdown2.o)
    0x0800021a   0x00000000   Code   RO         1329    .ARM.Collect$$libshutdown$$0000000E  c_w.l(libshutdown2.o)
    0x0800021a   0x00000002   Code   RO         1330    .ARM.Collect$$libshutdown$$0000000F  c_w.l(libshutdown2.o)
    0x0800021c   0x00000000   Code   RO         1174    .ARM.Collect$$rtentry$$00000000  c_w.l(rtentry.o)
    0x0800021c   0x00000000   Code   RO         1199    .ARM.Collect$$rtentry$$00000002  c_w.l(rtentry2.o)
    0x0800021c   0x00000006   Code   RO         1211    .ARM.Collect$$rtentry$$00000004  c_w.l(rtentry4.o)
    0x08000222   0x00000000   Code   RO         1201    .ARM.Collect$$rtentry$$00000009  c_w.l(rtentry2.o)
    0x08000222   0x00000004   Code   RO         1202    .ARM.Collect$$rtentry$$0000000A  c_w.l(rtentry2.o)
    0x08000226   0x00000000   Code   RO         1204    .ARM.Collect$$rtentry$$0000000C  c_w.l(rtentry2.o)
    0x08000226   0x00000008   Code   RO         1205    .ARM.Collect$$rtentry$$0000000D  c_w.l(rtentry2.o)
    0x0800022e   0x00000002   Code   RO         1243    .ARM.Collect$$rtexit$$00000000  c_w.l(rtexit.o)
    0x08000230   0x00000000   Code   RO         1291    .ARM.Collect$$rtexit$$00000002  c_w.l(rtexit2.o)
    0x08000230   0x00000004   Code   RO         1292    .ARM.Collect$$rtexit$$00000003  c_w.l(rtexit2.o)
    0x08000234   0x00000006   Code   RO         1293    .ARM.Collect$$rtexit$$00000004  c_w.l(rtexit2.o)
    0x0800023a   0x00000002   PAD
    0x0800023c   0x000000a2   Code   RO         1021    .emb_text           port.o
    0x080002de   0x00000002   PAD
    0x080002e0   0x00000078   Code   RO            1    .text               main.o
    0x08000358   0x00001084   Code   RO          205    .text               common.o
    0x080013dc   0x00000038   Code   RO          233    .text               stm32f10x_it.o
    0x08001414   0x00000120   Code   RO          252    .text               rtos_task.o
    0x08001534   0x0000037c   Code   RO          310    .text               task_main.o
    0x080018b0   0x00000050   Code   RO          329    .text               task_led.o
    0x08001900   0x0000014c   Code   RO          347    .text               task_hci.o
    0x08001a4c   0x00000024   Code   RO          373    .text               task_sensor.o
    0x08001a70   0x00000090   Code   RO          392    .text               task_key.o
    0x08001b00   0x00000040   Code   RO          428    .text               startup_stm32f10x_hd.o
    0x08001b40   0x000001dc   Code   RO          432    .text               system_stm32f10x.o
    0x08001d1c   0x00000108   Code   RO          450    .text               delay.o
    0x08001e24   0x000000cc   Code   RO          465    .text               sys.o
    0x08001ef0   0x00000288   Code   RO          477    .text               iic1.o
    0x08002178   0x0000045c   Code   RO          489    .text               rtc.o
    0x080025d4   0x000004e4   Code   RO          509    .text               usart.o
    0x08002ab8   0x000001cc   Code   RO          553    .text               24cxx.o
    0x08002c84   0x00000050   Code   RO          568    .text               led.o
    0x08002cd4   0x000000c4   Code   RO          580    .text               tpic6c595.o
    0x08002d98   0x00000078   Code   RO          592    .text               key.o
    0x08002e10   0x00000224   Code   RO          605    .text               relay.o
    0x08003034   0x0000041c   Code   RO          617    .text               input.o
    0x08003450   0x000000dc   Code   RO          629    .text               misc.o
    0x0800352c   0x000000c4   Code   RO          653    .text               stm32f10x_bkp.o
    0x080035f0   0x00000358   Code   RO          773    .text               stm32f10x_gpio.o
    0x08003948   0x00000040   Code   RO          797    .text               stm32f10x_iwdg.o
    0x08003988   0x000000cc   Code   RO          809    .text               stm32f10x_pwr.o
    0x08003a54   0x000003a4   Code   RO          821    .text               stm32f10x_rcc.o
    0x08003df8   0x00000144   Code   RO          835    .text               stm32f10x_rtc.o
    0x08003f3c   0x00000e1a   Code   RO          871    .text               stm32f10x_tim.o
    0x08004d56   0x00000002   PAD
    0x08004d58   0x00000408   Code   RO          883    .text               stm32f10x_usart.o
    0x08005160   0x00000dee   Code   RO          907    .text               at_protocol.o
    0x08005f4e   0x00000002   PAD
    0x08005f50   0x00000a90   Code   RO          927    .text               net_protocol.o
    0x080069e0   0x00000194   Code   RO          942    .text               malloc.o
    0x08006b74   0x00000094   Code   RO         1009    .text               list.o
    0x08006c08   0x00000288   Code   RO         1022    .text               port.o
    0x08006e90   0x00000bbc   Code   RO         1039    .text               queue.o
    0x08007a4c   0x00001830   Code   RO         1057    .text               tasks.o
    0x0800927c   0x00000002   Code   RO         1087    .text               c_w.l(use_no_semi_2.o)
    0x0800927e   0x00000002   PAD
    0x08009280   0x00000018   Code   RO         1093    .text               c_w.l(noretval__2printf.o)
    0x08009298   0x00000028   Code   RO         1095    .text               c_w.l(noretval__2sprintf.o)
    0x080092c0   0x00000052   Code   RO         1099    .text               c_w.l(_printf_pad.o)
    0x08009312   0x00000052   Code   RO         1101    .text               c_w.l(_printf_str.o)
    0x08009364   0x00000078   Code   RO         1103    .text               c_w.l(_printf_dec.o)
    0x080093dc   0x0000005c   Code   RO         1108    .text               c_w.l(_printf_hex_int.o)
    0x08009438   0x0000013c   Code   RO         1138    .text               c_w.l(__printf_flags_wp.o)
    0x08009574   0x0000001a   Code   RO         1150    .text               c_w.l(atoi.o)
    0x0800958e   0x00000024   Code   RO         1152    .text               c_w.l(strstr.o)
    0x080095b2   0x00000058   Code   RO         1154    .text               c_w.l(memcmp.o)
    0x0800960a   0x0000003e   Code   RO         1156    .text               c_w.l(strlen.o)
    0x08009648   0x00000018   Code   RO         1158    .text               c_w.l(strcat.o)
    0x08009660   0x0000008a   Code   RO         1160    .text               c_w.l(rt_memcpy_v6.o)
    0x080096ea   0x00000010   Code   RO         1162    .text               c_w.l(aeabi_memset.o)
    0x080096fa   0x00000044   Code   RO         1164    .text               c_w.l(rt_memclr.o)
    0x0800973e   0x0000004e   Code   RO         1166    .text               c_w.l(rt_memclr_w.o)
    0x0800978c   0x00000006   Code   RO         1168    .text               c_w.l(heapauxi.o)
    0x08009792   0x00000002   Code   RO         1172    .text               c_w.l(use_no_semi.o)
    0x08009794   0x00000008   Code   RO         1178    .text               c_w.l(rt_errno_addr_intlibspace.o)
    0x0800979c   0x000000b8   Code   RO         1180    .text               c_w.l(_printf_intcommon.o)
    0x08009854   0x00000030   Code   RO         1182    .text               c_w.l(_printf_char_common.o)
    0x08009884   0x0000000a   Code   RO         1184    .text               c_w.l(_sputc.o)
    0x0800988e   0x0000002c   Code   RO         1186    .text               c_w.l(_printf_char.o)
    0x080098ba   0x00000002   PAD
    0x080098bc   0x00000024   Code   RO         1188    .text               c_w.l(_printf_char_file.o)
    0x080098e0   0x00000070   Code   RO         1191    .text               c_w.l(strtol.o)
    0x08009950   0x00000064   Code   RO         1193    .text               c_w.l(rt_memcpy_w.o)
    0x080099b4   0x00000008   Code   RO         1195    .text               c_w.l(libspace.o)
    0x080099bc   0x00000010   Code   RO         1213    .text               c_w.l(rt_ctype_table.o)
    0x080099cc   0x0000009e   Code   RO         1217    .text               c_w.l(_strtoul.o)
    0x08009a6a   0x00000008   Code   RO         1219    .text               c_w.l(ferror.o)
    0x08009a72   0x0000004a   Code   RO         1223    .text               c_w.l(sys_stackheap_outer.o)
    0x08009abc   0x00000008   Code   RO         1228    .text               c_w.l(rt_locale_intlibspace.o)
    0x08009ac4   0x0000001c   Code   RO         1230    .text               c_w.l(_chval.o)
    0x08009ae0   0x0000000c   Code   RO         1235    .text               c_w.l(exit.o)
    0x08009aec   0x00000080   Code   RO         1245    .text               c_w.l(strcmpv7m.o)
    0x08009b6c   0x0000000e   Code   RO         1136    i._is_digit         c_w.l(__printf_wp.o)
    0x08009b7a   0x00000002   PAD
    0x08009b7c   0x0000002c   Code   RO         1233    locale$$code        c_w.l(lc_ctype_c.o)
    0x08009ba8   0x00000400   Data   RO          207    .constdata          common.o
    0x08009fa8   0x00000418   Data   RO          491    .constdata          rtc.o
    0x0800a3c0   0x00000028   Data   RO         1109    .constdata          c_w.l(_printf_hex_int.o)
    0x0800a3e8   0x00000011   Data   RO         1139    .constdata          c_w.l(__printf_flags_wp.o)
    0x0800a3f9   0x00000003   PAD
    0x0800a3fc   0x00000020   Data   RO         1362    Region$$Table       anon$$obj.o
    0x0800a41c   0x00000110   Data   RO         1232    locale$$data        c_w.l(lc_ctype_c.o)


    Execution Region RW_IRAM1 (Base: 0x20000000, Size: 0x0000bfe0, Max: 0x00010000, ABSOLUTE, COMPRESSED[0x000001b0])

    Base Addr    Size         Type   Attr      Idx    E Section Name        Object

    0x20000000   0x0000026b   Data   RW          208    .data               common.o
    0x2000026b   0x00000001   PAD
    0x2000026c   0x00000208   Data   RW          312    .data               task_main.o
    0x20000474   0x00000004   Data   RW          330    .data               task_led.o
    0x20000478   0x00000205   Data   RW          349    .data               task_hci.o
    0x2000067d   0x00000003   PAD
    0x20000680   0x00000204   Data   RW          375    .data               task_sensor.o
    0x20000884   0x00000206   Data   RW          394    .data               task_key.o
    0x20000a8a   0x00000002   PAD
    0x20000a8c   0x00000014   Data   RW          433    .data               system_stm32f10x.o
    0x20000aa0   0x00000206   Data   RW          452    .data               delay.o
    0x20000ca6   0x00000202   Data   RW          492    .data               rtc.o
    0x20000ea8   0x00000220   Data   RW          512    .data               usart.o
    0x200010c8   0x00000001   Data   RW          593    .data               key.o
    0x200010c9   0x00000014   Data   RW          822    .data               stm32f10x_rcc.o
    0x200010dd   0x00000201   Data   RW          910    .data               at_protocol.o
    0x200012de   0x00000002   PAD
    0x200012e0   0x00000014   Data   RW          945    .data               malloc.o
    0x200012f4   0x0000000c   Data   RW         1023    .data               port.o
    0x20001300   0x00000038   Data   RW         1059    .data               tasks.o
    0x20001338   0x00000114   Zero   RW            2    .bss                main.o
    0x2000144c   0x00000300   Zero   RW          206    .bss                common.o
    0x2000174c   0x0000000a   Zero   RW          490    .bss                rtc.o
    0x20001756   0x00000600   Zero   RW          510    .bss                usart.o
    0x20001d56   0x00000002   PAD
    0x20001d58   0x000000d0   Zero   RW          908    .bss                at_protocol.o
    0x20001e28   0x00008800   Zero   RW          943    .bss                malloc.o
    0x2000a628   0x00000040   Zero   RW         1040    .bss                queue.o
    0x2000a668   0x00000118   Zero   RW         1058    .bss                tasks.o
    0x2000a780   0x00000060   Zero   RW         1196    .bss                c_w.l(libspace.o)
    0x2000a7e0   0x00000200   Zero   RW          426    HEAP                startup_stm32f10x_hd.o
    0x2000a9e0   0x00001600   Zero   RW          425    STACK               startup_stm32f10x_hd.o


==============================================================================

Image component sizes


      Code (inc. data)   RO Data    RW Data    ZI Data      Debug   Object Name

       460         10          0          0          0       2520   24cxx.o
      3566        476          0        513        208       7913   at_protocol.o
      4228        252       1024        619        768      18832   common.o
         0          0          0          0          0         32   core_cm3.o
       264         14          0        518          0       1769   delay.o
         0          0          0          0          0       9372   event_groups.o
       648          4          0          0          0       1848   iic1.o
      1052          8          0          0          0       1936   input.o
       120          8          0          1          0        724   key.o
        80         12          0          0          0        475   led.o
       148          0          0          0          0       1762   list.o
       120          4          0          0        276     288848   main.o
       404          4          0         20      34816       3965   malloc.o
       220         20          0          0          0       1685   misc.o
      2704        110          0          0          0       9385   net_protocol.o
       810         42          0         12          0       5526   port.o
      3004         16          0          0         64      14363   queue.o
       548          0          0          0          0       1833   relay.o
      1116         28       1048        514         10       3812   rtc.o
       288        114          0          0          0       5461   rtos_task.o
        64         26        304          0       6144        744   startup_stm32f10x_hd.o
       196          8          0          0          0       3352   stm32f10x_bkp.o
       856         40          0          0          0       5533   stm32f10x_gpio.o
        56          8          0          0          0      16042   stm32f10x_it.o
        64          6          0          0          0       1217   stm32f10x_iwdg.o
       204         16          0          0          0       1863   stm32f10x_pwr.o
       932         44          0         20          0       8664   stm32f10x_rcc.o
       324          4          0          0          0       2618   stm32f10x_rtc.o
      3610         88          0          0          0      22020   stm32f10x_tim.o
      1032         22          0          0          0       8256   stm32f10x_usart.o
       204          0          0          0          0        861   sys.o
       476         36          0         20          0       1695   system_stm32f10x.o
       332         68          0        517          0        938   task_hci.o
       144         40          0        518          0        808   task_key.o
        80          6          0          4          0        696   task_led.o
       892         74          0        520          0       1948   task_main.o
        36         10          0        516          0        706   task_sensor.o
      6192        334          0         56        280      23560   tasks.o
       196          6          0          0          0        903   tpic6c595.o
      1252         96          0        544       1536      10798   usart.o

    ----------------------------------------------------------------------
     36928       2054       2408       4920      44104     495283   Object Totals
         0          0         32          0          0          0   (incl. Generated)
         6          0          0          8          2          0   (incl. Padding)

    ----------------------------------------------------------------------

      Code (inc. data)   RO Data    RW Data    ZI Data      Debug   Library Member Name

       100          0          0          0          0          0   __dclz77c.o
         8          0          0          0          0         68   __main.o
       316          6         17          0          0         92   __printf_flags_wp.o
        14          0          0          0          0         68   __printf_wp.o
        52          8          0          0          0          0   __scatter.o
        28          0          0          0          0          0   __scatter_zi.o
        28          0          0          0          0         68   _chval.o
        44          0          0          0          0        108   _printf_char.o
        48          6          0          0          0         96   _printf_char_common.o
        36          4          0          0          0         80   _printf_char_file.o
         6          0          0          0          0          0   _printf_d.o
       120         18          0          0          0         92   _printf_dec.o
        92          4         40          0          0         88   _printf_hex_int.o
       184          0          0          0          0         88   _printf_intcommon.o
        82          0          0          0          0        108   _printf_pad.o
         0          0          0          0          0          0   _printf_percent.o
         4          0          0          0          0          0   _printf_percent_end.o
         6          0          0          0          0          0   _printf_s.o
        82          0          0          0          0         80   _printf_str.o
         6          0          0          0          0          0   _printf_x.o
        10          0          0          0          0         68   _sputc.o
       158          0          0          0          0         92   _strtoul.o
        16          0          0          0          0         68   aeabi_memset.o
        26          0          0          0          0         80   atoi.o
        12          0          0          0          0         72   exit.o
         8          0          0          0          0         68   ferror.o
         6          0          0          0          0        152   heapauxi.o
        44         10        272          0          0         76   lc_ctype_c.o
         2          0          0          0          0          0   libinit.o
        20          0          0          0          0          0   libinit2.o
         2          0          0          0          0          0   libshutdown.o
         2          0          0          0          0          0   libshutdown2.o
         8          4          0          0         96         68   libspace.o
        88          0          0          0          0         76   memcmp.o
        24          4          0          0          0         84   noretval__2printf.o
        40          6          0          0          0         84   noretval__2sprintf.o
        16          4          0          0          0         76   rt_ctype_table.o
         8          4          0          0          0         68   rt_errno_addr_intlibspace.o
         8          4          0          0          0         68   rt_locale_intlibspace.o
        68          0          0          0          0         68   rt_memclr.o
        78          0          0          0          0         80   rt_memclr_w.o
       138          0          0          0          0         68   rt_memcpy_v6.o
       100          0          0          0          0         80   rt_memcpy_w.o
         0          0          0          0          0          0   rtentry.o
        12          0          0          0          0          0   rtentry2.o
         6          0          0          0          0          0   rtentry4.o
         2          0          0          0          0          0   rtexit.o
        10          0          0          0          0          0   rtexit2.o
        24          0          0          0          0         68   strcat.o
       128          0          0          0          0         68   strcmpv7m.o
        62          0          0          0          0         76   strlen.o
        36          0          0          0          0         80   strstr.o
       112          0          0          0          0         88   strtol.o
        74          0          0          0          0         80   sys_stackheap_outer.o
         2          0          0          0          0         68   use_no_semi.o
         2          0          0          0          0         68   use_no_semi_2.o

    ----------------------------------------------------------------------
      2616         82        332          0         96       3128   Library Totals
         8          0          3          0          0          0   (incl. Padding)

    ----------------------------------------------------------------------

      Code (inc. data)   RO Data    RW Data    ZI Data      Debug   Library Name

      2608         82        329          0         96       3128   c_w.l

    ----------------------------------------------------------------------
      2616         82        332          0         96       3128   Library Totals

    ----------------------------------------------------------------------

==============================================================================


      Code (inc. data)   RO Data    RW Data    ZI Data      Debug   

     39544       2136       2740       4920      44200     493055   Grand Totals
     39544       2136       2740        432      44200     493055   ELF Image Totals (compressed)
     39544       2136       2740        432          0          0   ROM Totals

==============================================================================

    Total RO  Size (Code + RO Data)                42284 (  41.29kB)
    Total RW  Size (RW Data + ZI Data)             49120 (  47.97kB)
    Total ROM Size (Code + RO Data + RW Data)      42716 (  41.71kB)

==============================================================================

